../Core/Src/main.c:68:6:AudioPlay_Error_CallBack	8	static
../Core/Src/main.c:90:6:AudioPlay_TransferComplete_CallBack	4	static
../Core/Src/main.c:121:6:HAL_ADC_ConvCpltCallback	16	static
../Core/Src/main.c:144:5:_write	24	static
../Core/Src/main.c:149:5:__io_putchar	16	static
../Core/Src/main.c:161:5:main	24	static
../Core/Src/main.c:385:6:SystemClock_Config	96	static
../Core/Src/main.c:435:6:PeriphCommonClock_Config	144	static
../Core/Src/main.c:462:13:MX_ADC1_Init	48	static
../Core/Src/main.c:526:13:MX_I2C1_Init	8	static
../Core/Src/main.c:571:13:MX_LCD_Init	8	static
../Core/Src/main.c:606:13:MX_QUADSPI_Init	8	static
../Core/Src/main.c:636:13:MX_RTC_Init	8	static
../Core/Src/main.c:669:13:MX_SAI1_Init	8	static
../Core/Src/main.c:702:13:MX_USART3_UART_Init	8	static
../Core/Src/main.c:732:13:MX_DMA_Init	16	static
../Core/Src/main.c:750:13:MX_GPIO_Init	56	static
../Core/Src/main.c:827:6:Error_Handler	4	static,ignoring_inline_asm
