../Core/Src/main.c:67:5:main	8	static
../Core/Src/main.c:118:6:SystemClock_Config	96	static
../Core/Src/main.c:168:6:PeriphCommonClock_Config	144	static
../Core/Src/main.c:195:13:MX_ADC1_Init	48	static
../Core/Src/main.c:259:13:MX_DFSDM1_Init	8	static
../Core/Src/main.c:294:13:MX_I2C1_Init	8	static
../Core/Src/main.c:339:13:MX_LCD_Init	8	static
../Core/Src/main.c:374:13:MX_QUADSPI_Init	8	static
../Core/Src/main.c:404:13:MX_RTC_Init	8	static
../Core/Src/main.c:437:13:MX_SAI1_Init	8	static
../Core/Src/main.c:483:13:MX_USART3_UART_Init	8	static
../Core/Src/main.c:513:13:MX_DMA_Init	16	static
../Core/Src/main.c:531:13:MX_GPIO_Init	48	static
../Core/Src/main.c:610:6:Error_Handler	4	static,ignoring_inline_asm
