Archive member included to satisfy reference by file (symbol)

c:/program files/stm32cubeide_1.9.0/stm32cubeide/plugins/com.st.stm32cube.ide.mcu.externaltools.gnu-tools-for-stm32.10.3-2021.10.win32_1.0.0.202111181127/tools/bin/../lib/gcc/arm-none-eabi/10.3.1/../../../../arm-none-eabi/lib/thumb/v7e-m+fp/hard\libc_nano.a(lib_a-errno.o)
                              ./Core/Src/syscalls.o (__errno)
c:/program files/stm32cubeide_1.9.0/stm32cubeide/plugins/com.st.stm32cube.ide.mcu.externaltools.gnu-tools-for-stm32.10.3-2021.10.win32_1.0.0.202111181127/tools/bin/../lib/gcc/arm-none-eabi/10.3.1/../../../../arm-none-eabi/lib/thumb/v7e-m+fp/hard\libc_nano.a(lib_a-exit.o)
                              c:/program files/stm32cubeide_1.9.0/stm32cubeide/plugins/com.st.stm32cube.ide.mcu.externaltools.gnu-tools-for-stm32.10.3-2021.10.win32_1.0.0.202111181127/tools/bin/../lib/gcc/arm-none-eabi/10.3.1/../../../../arm-none-eabi/lib/thumb/v7e-m+fp/hard/crt0.o (exit)
c:/program files/stm32cubeide_1.9.0/stm32cubeide/plugins/com.st.stm32cube.ide.mcu.externaltools.gnu-tools-for-stm32.10.3-2021.10.win32_1.0.0.202111181127/tools/bin/../lib/gcc/arm-none-eabi/10.3.1/../../../../arm-none-eabi/lib/thumb/v7e-m+fp/hard\libc_nano.a(lib_a-impure.o)
                              c:/program files/stm32cubeide_1.9.0/stm32cubeide/plugins/com.st.stm32cube.ide.mcu.externaltools.gnu-tools-for-stm32.10.3-2021.10.win32_1.0.0.202111181127/tools/bin/../lib/gcc/arm-none-eabi/10.3.1/../../../../arm-none-eabi/lib/thumb/v7e-m+fp/hard\libc_nano.a(lib_a-exit.o) (_global_impure_ptr)
c:/program files/stm32cubeide_1.9.0/stm32cubeide/plugins/com.st.stm32cube.ide.mcu.externaltools.gnu-tools-for-stm32.10.3-2021.10.win32_1.0.0.202111181127/tools/bin/../lib/gcc/arm-none-eabi/10.3.1/../../../../arm-none-eabi/lib/thumb/v7e-m+fp/hard\libc_nano.a(lib_a-init.o)
                              c:/program files/stm32cubeide_1.9.0/stm32cubeide/plugins/com.st.stm32cube.ide.mcu.externaltools.gnu-tools-for-stm32.10.3-2021.10.win32_1.0.0.202111181127/tools/bin/../lib/gcc/arm-none-eabi/10.3.1/../../../../arm-none-eabi/lib/thumb/v7e-m+fp/hard/crt0.o (__libc_init_array)
c:/program files/stm32cubeide_1.9.0/stm32cubeide/plugins/com.st.stm32cube.ide.mcu.externaltools.gnu-tools-for-stm32.10.3-2021.10.win32_1.0.0.202111181127/tools/bin/../lib/gcc/arm-none-eabi/10.3.1/../../../../arm-none-eabi/lib/thumb/v7e-m+fp/hard\libc_nano.a(lib_a-malloc.o)
                              ./Drivers/BSP/STM32L476G-Discovery/stm32l476g_discovery_audio.o (malloc)
c:/program files/stm32cubeide_1.9.0/stm32cubeide/plugins/com.st.stm32cube.ide.mcu.externaltools.gnu-tools-for-stm32.10.3-2021.10.win32_1.0.0.202111181127/tools/bin/../lib/gcc/arm-none-eabi/10.3.1/../../../../arm-none-eabi/lib/thumb/v7e-m+fp/hard\libc_nano.a(lib_a-memset.o)
                              c:/program files/stm32cubeide_1.9.0/stm32cubeide/plugins/com.st.stm32cube.ide.mcu.externaltools.gnu-tools-for-stm32.10.3-2021.10.win32_1.0.0.202111181127/tools/bin/../lib/gcc/arm-none-eabi/10.3.1/../../../../arm-none-eabi/lib/thumb/v7e-m+fp/hard/crt0.o (memset)
c:/program files/stm32cubeide_1.9.0/stm32cubeide/plugins/com.st.stm32cube.ide.mcu.externaltools.gnu-tools-for-stm32.10.3-2021.10.win32_1.0.0.202111181127/tools/bin/../lib/gcc/arm-none-eabi/10.3.1/../../../../arm-none-eabi/lib/thumb/v7e-m+fp/hard\libc_nano.a(lib_a-nano-freer.o)
                              c:/program files/stm32cubeide_1.9.0/stm32cubeide/plugins/com.st.stm32cube.ide.mcu.externaltools.gnu-tools-for-stm32.10.3-2021.10.win32_1.0.0.202111181127/tools/bin/../lib/gcc/arm-none-eabi/10.3.1/../../../../arm-none-eabi/lib/thumb/v7e-m+fp/hard\libc_nano.a(lib_a-malloc.o) (_free_r)
c:/program files/stm32cubeide_1.9.0/stm32cubeide/plugins/com.st.stm32cube.ide.mcu.externaltools.gnu-tools-for-stm32.10.3-2021.10.win32_1.0.0.202111181127/tools/bin/../lib/gcc/arm-none-eabi/10.3.1/../../../../arm-none-eabi/lib/thumb/v7e-m+fp/hard\libc_nano.a(lib_a-nano-mallocr.o)
                              c:/program files/stm32cubeide_1.9.0/stm32cubeide/plugins/com.st.stm32cube.ide.mcu.externaltools.gnu-tools-for-stm32.10.3-2021.10.win32_1.0.0.202111181127/tools/bin/../lib/gcc/arm-none-eabi/10.3.1/../../../../arm-none-eabi/lib/thumb/v7e-m+fp/hard\libc_nano.a(lib_a-malloc.o) (_malloc_r)
c:/program files/stm32cubeide_1.9.0/stm32cubeide/plugins/com.st.stm32cube.ide.mcu.externaltools.gnu-tools-for-stm32.10.3-2021.10.win32_1.0.0.202111181127/tools/bin/../lib/gcc/arm-none-eabi/10.3.1/../../../../arm-none-eabi/lib/thumb/v7e-m+fp/hard\libc_nano.a(lib_a-sbrkr.o)
                              c:/program files/stm32cubeide_1.9.0/stm32cubeide/plugins/com.st.stm32cube.ide.mcu.externaltools.gnu-tools-for-stm32.10.3-2021.10.win32_1.0.0.202111181127/tools/bin/../lib/gcc/arm-none-eabi/10.3.1/../../../../arm-none-eabi/lib/thumb/v7e-m+fp/hard\libc_nano.a(lib_a-nano-mallocr.o) (_sbrk_r)
[...]
Memory Configuration

Name             Origin             Length             Attributes
RAM              0x0000000020000000 0x0000000000018000 xrw
RAM2             0x0000000010000000 0x0000000000008000 xrw
FLASH            0x0000000008000000 0x0000000000100000 xr
*default*        0x0000000000000000 0xffffffffffffffff

Linker script and memory map

LOAD c:/program files/stm32cubeide_1.9.0/stm32cubeide/plugins/com.st.stm32cube.ide.mcu.externaltools.gnu-tools-for-stm32.10.3-2021.10.win32_1.0.0.202111181127/tools/bin/../lib/gcc/arm-none-eabi/10.3.1/thumb/v7e-m+fp/hard/crti.o
LOAD c:/program files/stm32cubeide_1.9.0/stm32cubeide/plugins/com.st.stm32cube.ide.mcu.externaltools.gnu-tools-for-stm32.10.3-2021.10.win32_1.0.0.202111181127/tools/bin/../lib/gcc/arm-none-eabi/10.3.1/thumb/v7e-m+fp/hard/crtbegin.o
LOAD c:/program files/stm32cubeide_1.9.0/stm32cubeide/plugins/com.st.stm32cube.ide.mcu.externaltools.gnu-tools-for-stm32.10.3-2021.10.win32_1.0.0.202111181127/tools/bin/../lib/gcc/arm-none-eabi/10.3.1/../../../../arm-none-eabi/lib/thumb/v7e-m+fp/hard/crt0.o
LOAD ./Core/Src/main.o
LOAD ./Core/Src/stm32l4xx_hal_msp.o
LOAD ./Core/Src/stm32l4xx_it.o
LOAD ./Core/Src/syscalls.o
LOAD ./Core/Src/sysmem.o
LOAD ./Core/Src/system_stm32l4xx.o
LOAD ./Core/Startup/startup_stm32l476vgtx.o
LOAD ./Drivers/BSP/Components/cs43l22/cs43l22.o
LOAD ./Drivers/BSP/Components/l3gd20/l3gd20.o
LOAD ./Drivers/BSP/Components/lsm303c/lsm303c.o
LOAD ./Drivers/BSP/Components/mfxstm32l152/mfxstm32l152.o
LOAD ./Drivers/BSP/STM32L476G-Discovery/stm32l476g_discovery.o
LOAD ./Drivers/BSP/STM32L476G-Discovery/stm32l476g_discovery_audio.o
LOAD ./Drivers/BSP/STM32L476G-Discovery/stm32l476g_discovery_compass.o
LOAD ./Drivers/BSP/STM32L476G-Discovery/stm32l476g_discovery_glass_lcd.o
LOAD ./Drivers/BSP/STM32L476G-Discovery/stm32l476g_discovery_gyroscope.o
LOAD ./Drivers/BSP/STM32L476G-Discovery/stm32l476g_discovery_idd.o
LOAD ./Drivers/BSP/STM32L476G-Discovery/stm32l476g_discovery_qspi.o
LOAD ./Drivers/STM32L4xx_HAL_Driver/Src/stm32l4xx_hal.o
LOAD ./Drivers/STM32L4xx_HAL_Driver/Src/stm32l4xx_hal_adc.o
LOAD ./Drivers/STM32L4xx_HAL_Driver/Src/stm32l4xx_hal_adc_ex.o
LOAD ./Drivers/STM32L4xx_HAL_Driver/Src/stm32l4xx_hal_cortex.o
LOAD ./Drivers/STM32L4xx_HAL_Driver/Src/stm32l4xx_hal_dfsdm.o
LOAD ./Drivers/STM32L4xx_HAL_Driver/Src/stm32l4xx_hal_dma.o
LOAD ./Drivers/STM32L4xx_HAL_Driver/Src/stm32l4xx_hal_dma_ex.o
LOAD ./Drivers/STM32L4xx_HAL_Driver/Src/stm32l4xx_hal_exti.o
LOAD ./Drivers/STM32L4xx_HAL_Driver/Src/stm32l4xx_hal_flash.o
LOAD ./Drivers/STM32L4xx_HAL_Driver/Src/stm32l4xx_hal_flash_ex.o
LOAD ./Drivers/STM32L4xx_HAL_Driver/Src/stm32l4xx_hal_flash_ramfunc.o
LOAD ./Drivers/STM32L4xx_HAL_Driver/Src/stm32l4xx_hal_gpio.o
LOAD ./Drivers/STM32L4xx_HAL_Driver/Src/stm32l4xx_hal_i2c.o
LOAD ./Drivers/STM32L4xx_HAL_Driver/Src/stm32l4xx_hal_i2c_ex.o
LOAD ./Drivers/STM32L4xx_HAL_Driver/Src/stm32l4xx_hal_lcd.o
LOAD ./Drivers/STM32L4xx_HAL_Driver/Src/stm32l4xx_hal_pwr.o
LOAD ./Drivers/STM32L4xx_HAL_Driver/Src/stm32l4xx_hal_pwr_ex.o
LOAD ./Drivers/STM32L4xx_HAL_Driver/Src/stm32l4xx_hal_qspi.o
LOAD ./Drivers/STM32L4xx_HAL_Driver/Src/stm32l4xx_hal_rcc.o
LOAD ./Drivers/STM32L4xx_HAL_Driver/Src/stm32l4xx_hal_rcc_ex.o
LOAD ./Drivers/STM32L4xx_HAL_Driver/Src/stm32l4xx_hal_rtc.o
LOAD ./Drivers/STM32L4xx_HAL_Driver/Src/stm32l4xx_hal_rtc_ex.o
LOAD ./Drivers/STM32L4xx_HAL_Driver/Src/stm32l4xx_hal_sai.o
LOAD ./Drivers/STM32L4xx_HAL_Driver/Src/stm32l4xx_hal_sai_ex.o
LOAD ./Drivers/STM32L4xx_HAL_Driver/Src/stm32l4xx_hal_tim.o
LOAD ./Drivers/STM32L4xx_HAL_Driver/Src/stm32l4xx_hal_tim_ex.o
LOAD ./Drivers/STM32L4xx_HAL_Driver/Src/stm32l4xx_hal_uart.o
LOAD ./Drivers/STM32L4xx_HAL_Driver/Src/stm32l4xx_hal_uart_ex.o
START GROUP
LOAD c:/program files/stm32cubeide_1.9.0/stm32cubeide/plugins/com.st.stm32cube.ide.mcu.externaltools.gnu-tools-for-stm32.10.3-2021.10.win32_1.0.0.202111181127/tools/bin/../lib/gcc/arm-none-eabi/10.3.1/../../../../arm-none-eabi/lib/thumb/v7e-m+fp/hard\libc_nano.a
LOAD c:/program files/stm32cubeide_1.9.0/stm32cubeide/plugins/com.st.stm32cube.ide.mcu.externaltools.gnu-tools-for-stm32.10.3-2021.10.win32_1.0.0.202111181127/tools/bin/../lib/gcc/arm-none-eabi/10.3.1/../../../../arm-none-eabi/lib/thumb/v7e-m+fp/hard\libm.a
END GROUP
START GROUP
LOAD c:/program files/stm32cubeide_1.9.0/stm32cubeide/plugins/com.st.stm32cube.ide.mcu.externaltools.gnu-tools-for-stm32.10.3-2021.10.win32_1.0.0.202111181127/tools/bin/../lib/gcc/arm-none-eabi/10.3.1/thumb/v7e-m+fp/hard\libgcc.a
LOAD c:/program files/stm32cubeide_1.9.0/stm32cubeide/plugins/com.st.stm32cube.ide.mcu.externaltools.gnu-tools-for-stm32.10.3-2021.10.win32_1.0.0.202111181127/tools/bin/../lib/gcc/arm-none-eabi/10.3.1/../../../../arm-none-eabi/lib/thumb/v7e-m+fp/hard\libc_nano.a
END GROUP
START GROUP
LOAD c:/program files/stm32cubeide_1.9.0/stm32cubeide/plugins/com.st.stm32cube.ide.mcu.externaltools.gnu-tools-for-stm32.10.3-2021.10.win32_1.0.0.202111181127/tools/bin/../lib/gcc/arm-none-eabi/10.3.1/thumb/v7e-m+fp/hard\libgcc.a
LOAD c:/program files/stm32cubeide_1.9.0/stm32cubeide/plugins/com.st.stm32cube.ide.mcu.externaltools.gnu-tools-for-stm32.10.3-2021.10.win32_1.0.0.202111181127/tools/bin/../lib/gcc/arm-none-eabi/10.3.1/../../../../arm-none-eabi/lib/thumb/v7e-m+fp/hard\libc_nano.a
LOAD c:/program files/stm32cubeide_1.9.0/stm32cubeide/plugins/com.st.stm32cube.ide.mcu.externaltools.gnu-tools-for-stm32.10.3-2021.10.win32_1.0.0.202111181127/tools/bin/../lib/gcc/arm-none-eabi/10.3.1/../../../../arm-none-eabi/lib/thumb/v7e-m+fp/hard\libnosys.a
END GROUP
START GROUP
LOAD c:/program files/stm32cubeide_1.9.0/stm32cubeide/plugins/com.st.stm32cube.ide.mcu.externaltools.gnu-tools-for-stm32.10.3-2021.10.win32_1.0.0.202111181127/tools/bin/../lib/gcc/arm-none-eabi/10.3.1/thumb/v7e-m+fp/hard\libgcc.a
LOAD c:/program files/stm32cubeide_1.9.0/stm32cubeide/plugins/com.st.stm32cube.ide.mcu.externaltools.gnu-tools-for-stm32.10.3-2021.10.win32_1.0.0.202111181127/tools/bin/../lib/gcc/arm-none-eabi/10.3.1/../../../../arm-none-eabi/lib/thumb/v7e-m+fp/hard\libc_nano.a
LOAD c:/program files/stm32cubeide_1.9.0/stm32cubeide/plugins/com.st.stm32cube.ide.mcu.externaltools.gnu-tools-for-stm32.10.3-2021.10.win32_1.0.0.202111181127/tools/bin/../lib/gcc/arm-none-eabi/10.3.1/../../../../arm-none-eabi/lib/thumb/v7e-m+fp/hard\libnosys.a
END GROUP
LOAD c:/program files/stm32cubeide_1.9.0/stm32cubeide/plugins/com.st.stm32cube.ide.mcu.externaltools.gnu-tools-for-stm32.10.3-2021.10.win32_1.0.0.202111181127/tools/bin/../lib/gcc/arm-none-eabi/10.3.1/thumb/v7e-m+fp/hard/crtend.o
LOAD c:/program files/stm32cubeide_1.9.0/stm32cubeide/plugins/com.st.stm32cube.ide.mcu.externaltools.gnu-tools-for-stm32.10.3-2021.10.win32_1.0.0.202111181127/tools/bin/../lib/gcc/arm-none-eabi/10.3.1/thumb/v7e-m+fp/hard/crtn.o
                0x0000000020018000                _estack = (ORIGIN (RAM) + LENGTH (RAM))
                0x0000000000000200                _Min_Heap_Size = 0x200
                0x0000000000000400                _Min_Stack_Size = 0x400

.isr_vector     0x0000000008000000      0x188
                0x0000000008000000                . = ALIGN (0x4)
 *(.isr_vector)
 .isr_vector    0x0000000008000000      0x188 ./Core/Startup/startup_stm32l476vgtx.o
                0x0000000008000000                g_pfnVectors
                0x0000000008000188                . = ALIGN (0x4)

.text           0x0000000008000188     0xb5a4
                0x0000000008000188                . = ALIGN (0x4)
 *(.text)
 .text          0x0000000008000188       0x40 c:/program files/stm32cubeide_1.9.0/stm32cubeide/plugins/com.st.stm32cube.ide.mcu.externaltools.gnu-tools-for-stm32.10.3-2021.10.win32_1.0.0.202111181127/tools/bin/../lib/gcc/arm-none-eabi/10.3.1/thumb/v7e-m+fp/hard/crtbegin.o
 .text          0x00000000080001c8      0x378 c:/program files/stm32cubeide_1.9.0/stm32cubeide/plugins/com.st.stm32cube.ide.mcu.externaltools.gnu-tools-for-stm32.10.3-2021.10.win32_1.0.0.202111181127/tools/bin/../lib/gcc/arm-none-eabi/10.3.1/thumb/v7e-m+fp/hard\libgcc.a(_arm_addsubdf3.o)
                0x00000000080001c8                __aeabi_drsub
                0x00000000080001d0                __aeabi_dsub
                0x00000000080001d0                __subdf3
                0x00000000080001d4                __aeabi_dadd
                0x00000000080001d4                __adddf3
                0x000000000800044c                __floatunsidf
                0x000000000800044c                __aeabi_ui2d
                0x000000000800046c                __floatsidf
                0x000000000800046c                __aeabi_i2d
                0x0000000008000490                __aeabi_f2d
                0x0000000008000490                __extendsfdf2
                0x00000000080004d4                __floatundidf
                0x00000000080004d4                __aeabi_ul2d
                0x00000000080004e4                __floatdidf
                0x00000000080004e4                __aeabi_l2d
 .text          0x0000000008000540      0x424 c:/program files/stm32cubeide_1.9.0/stm32cubeide/plugins/com.st.stm32cube.ide.mcu.externaltools.gnu-tools-for-stm32.10.3-2021.10.win32_1.0.0.202111181127/tools/bin/../lib/gcc/arm-none-eabi/10.3.1/thumb/v7e-m+fp/hard\libgcc.a(_arm_muldivdf3.o)
                0x0000000008000540                __aeabi_dmul
                0x0000000008000540                __muldf3
                0x0000000008000794                __divdf3
                0x0000000008000794                __aeabi_ddiv
 .text          0x0000000008000964      0x110 c:/program files/stm32cubeide_1.9.0/stm32cubeide/plugins/com.st.stm32cube.ide.mcu.externaltools.gnu-tools-for-stm32.10.3-2021.10.win32_1.0.0.202111181127/tools/bin/../lib/gcc/arm-none-eabi/10.3.1/thumb/v7e-m+fp/hard\libgcc.a(_arm_cmpdf2.o)
                0x0000000008000964                __gtdf2
                0x0000000008000964                __gedf2
                0x000000000800096c                __ltdf2
                0x000000000800096c                __ledf2
                0x0000000008000974                __nedf2
                0x0000000008000974                __eqdf2
                0x0000000008000974                __cmpdf2
                0x00000000080009f0                __aeabi_cdrcmple
                0x0000000008000a00                __aeabi_cdcmpeq
                0x0000000008000a00                __aeabi_cdcmple
                0x0000000008000a10                __aeabi_dcmpeq
                0x0000000008000a24                __aeabi_dcmplt
                0x0000000008000a38                __aeabi_dcmple
                0x0000000008000a4c                __aeabi_dcmpge
                0x0000000008000a60                __aeabi_dcmpgt
 .text          0x0000000008000a74       0x50 c:/program files/stm32cubeide_1.9.0/stm32cubeide/plugins/com.st.stm32cube.ide.mcu.externaltools.gnu-tools-for-stm32.10.3-2021.10.win32_1.0.0.202111181127/tools/bin/../lib/gcc/arm-none-eabi/10.3.1/thumb/v7e-m+fp/hard\libgcc.a(_arm_fixdfsi.o)
                0x0000000008000a74                __aeabi_d2iz
                0x0000000008000a74                __fixdfsi
 .text          0x0000000008000ac4       0x30 c:/program files/stm32cubeide_1.9.0/stm32cubeide/plugins/com.st.stm32cube.ide.mcu.externaltools.gnu-tools-for-stm32.10.3-2021.10.win32_1.0.0.202111181127/tools/bin/../lib/gcc/arm-none-eabi/10.3.1/thumb/v7e-m+fp/hard\libgcc.a(_aeabi_uldivmod.o)
                0x0000000008000ac4                __aeabi_uldivmod
 .text          0x0000000008000af4      0x2d0 c:/program files/stm32cubeide_1.9.0/stm32cubeide/plugins/com.st.stm32cube.ide.mcu.externaltools.gnu-tools-for-stm32.10.3-2021.10.win32_1.0.0.202111181127/tools/bin/../lib/gcc/arm-none-eabi/10.3.1/thumb/v7e-m+fp/hard\libgcc.a(_udivmoddi4.o)
                0x0000000008000af4                __udivmoddi4
 .text          0x0000000008000dc4        0x4 c:/program files/stm32cubeide_1.9.0/stm32cubeide/plugins/com.st.stm32cube.ide.mcu.externaltools.gnu-tools-for-stm32.10.3-2021.10.win32_1.0.0.202111181127/tools/bin/../lib/gcc/arm-none-eabi/10.3.1/thumb/v7e-m+fp/hard\libgcc.a(_dvmd_tls.o)
                0x0000000008000dc4                __aeabi_idiv0
                0x0000000008000dc4                __aeabi_ldiv0
 *(.text*)
 .text.cs43l22_write
                0x0000000008000dc8       0x38 ./Core/Src/main.o
 .text.cs43l22_init
                0x0000000008000e00       0x30 ./Core/Src/main.o
 .text.HAL_ADC_ConvCpltCallback
                0x0000000008000e30       0x28 ./Core/Src/main.o
                0x0000000008000e30                HAL_ADC_ConvCpltCallback
 .text.main     0x0000000008000e58      0x130 ./Core/Src/main.o
                0x0000000008000e58                main
 .text.SystemClock_Config
                0x0000000008000f88       0xa6 ./Core/Src/main.o
                0x0000000008000f88                SystemClock_Config
 *fill*         0x000000000800102e        0x2 
 .text.PeriphCommonClock_Config
                0x0000000008001030       0x5c ./Core/Src/main.o
                0x0000000008001030                PeriphCommonClock_Config
 .text.MX_ADC1_Init
                0x000000000800108c       0xec ./Core/Src/main.o
 .text.MX_DFSDM1_Init
                0x0000000008001178       0x70 ./Core/Src/main.o
 .text.MX_I2C1_Init
                0x00000000080011e8       0x80 ./Core/Src/main.o
 .text.MX_LCD_Init
                0x0000000008001268       0x74 ./Core/Src/main.o
 .text.MX_QUADSPI_Init
                0x00000000080012dc       0x4c ./Core/Src/main.o
 .text.MX_RTC_Init
                0x0000000008001328       0x50 ./Core/Src/main.o
 .text.MX_SAI1_Init
                0x0000000008001378       0x6c ./Core/Src/main.o
 .text.MX_USART3_UART_Init
                0x00000000080013e4       0x60 ./Core/Src/main.o
 .text.MX_DMA_Init
                0x0000000008001444       0x3c ./Core/Src/main.o
 .text.MX_GPIO_Init
                0x0000000008001480      0x1b8 ./Core/Src/main.o
 .text.Error_Handler
                0x0000000008001638        0xa ./Core/Src/main.o
                0x0000000008001638                Error_Handler
 *fill*         0x0000000008001642        0x2 
 .text.HAL_MspInit
                0x0000000008001644       0x48 ./Core/Src/stm32l4xx_hal_msp.o
                0x0000000008001644                HAL_MspInit
 .text.HAL_ADC_MspInit
                0x000000000800168c       0x8c ./Core/Src/stm32l4xx_hal_msp.o
                0x000000000800168c                HAL_ADC_MspInit
 .text.HAL_I2C_MspInit
                0x0000000008001718       0xbc ./Core/Src/stm32l4xx_hal_msp.o
                0x0000000008001718                HAL_I2C_MspInit
 .text.HAL_LCD_MspInit
                0x00000000080017d4      0x19c ./Core/Src/stm32l4xx_hal_msp.o
                0x00000000080017d4                HAL_LCD_MspInit
 .text.HAL_QSPI_MspInit
                0x0000000008001970       0x88 ./Core/Src/stm32l4xx_hal_msp.o
                0x0000000008001970                HAL_QSPI_MspInit
 .text.HAL_QSPI_MspDeInit
                0x00000000080019f8       0x3c ./Core/Src/stm32l4xx_hal_msp.o
                0x00000000080019f8                HAL_QSPI_MspDeInit
 .text.HAL_RTC_MspInit
                0x0000000008001a34       0x64 ./Core/Src/stm32l4xx_hal_msp.o
                0x0000000008001a34                HAL_RTC_MspInit
 .text.HAL_UART_MspInit
                0x0000000008001a98       0xbc ./Core/Src/stm32l4xx_hal_msp.o
                0x0000000008001a98                HAL_UART_MspInit
 .text.NMI_Handler
                0x0000000008001b54        0x6 ./Core/Src/stm32l4xx_it.o
                0x0000000008001b54                NMI_Handler
 .text.HardFault_Handler
                0x0000000008001b5a        0x6 ./Core/Src/stm32l4xx_it.o
                0x0000000008001b5a                HardFault_Handler
 .text.MemManage_Handler
                0x0000000008001b60        0x6 ./Core/Src/stm32l4xx_it.o
                0x0000000008001b60                MemManage_Handler
 .text.BusFault_Handler
                0x0000000008001b66        0x6 ./Core/Src/stm32l4xx_it.o
                0x0000000008001b66                BusFault_Handler
 .text.UsageFault_Handler
                0x0000000008001b6c        0x6 ./Core/Src/stm32l4xx_it.o
                0x0000000008001b6c                UsageFault_Handler
 .text.SVC_Handler
                0x0000000008001b72        0xe ./Core/Src/stm32l4xx_it.o
                0x0000000008001b72                SVC_Handler
 .text.DebugMon_Handler
                0x0000000008001b80        0xe ./Core/Src/stm32l4xx_it.o
                0x0000000008001b80                DebugMon_Handler
 .text.PendSV_Handler
                0x0000000008001b8e        0xe ./Core/Src/stm32l4xx_it.o
                0x0000000008001b8e                PendSV_Handler
 .text.SysTick_Handler
                0x0000000008001b9c        0xc ./Core/Src/stm32l4xx_it.o
                0x0000000008001b9c                SysTick_Handler
 .text.ADC1_2_IRQHandler
                0x0000000008001ba8       0x14 ./Core/Src/stm32l4xx_it.o
                0x0000000008001ba8                ADC1_2_IRQHandler
 .text.DMA2_Channel1_IRQHandler
                0x0000000008001bbc       0x14 ./Core/Src/stm32l4xx_it.o
                0x0000000008001bbc                DMA2_Channel1_IRQHandler
 .text.SAI1_IRQHandler
                0x0000000008001bd0       0x14 ./Core/Src/stm32l4xx_it.o
                0x0000000008001bd0                SAI1_IRQHandler
 .text.SystemInit
                0x0000000008001be4       0x24 ./Core/Src/system_stm32l4xx.o
                0x0000000008001be4                SystemInit
 .text.Reset_Handler
                0x0000000008001c08       0x50 ./Core/Startup/startup_stm32l476vgtx.o
                0x0000000008001c08                Reset_Handler
 .text.Default_Handler
                0x0000000008001c58        0x2 ./Core/Startup/startup_stm32l476vgtx.o
                0x0000000008001c58                RTC_Alarm_IRQHandler
                0x0000000008001c58                EXTI2_IRQHandler
                0x0000000008001c58                TIM8_TRG_COM_IRQHandler
                0x0000000008001c58                TIM8_CC_IRQHandler
                0x0000000008001c58                TIM1_CC_IRQHandler
                0x0000000008001c58                TSC_IRQHandler
                0x0000000008001c58                TAMP_STAMP_IRQHandler
                0x0000000008001c58                EXTI3_IRQHandler
                0x0000000008001c58                LPTIM2_IRQHandler
                0x0000000008001c58                DFSDM1_FLT1_IRQHandler
                0x0000000008001c58                I2C3_ER_IRQHandler
                0x0000000008001c58                DFSDM1_FLT2_IRQHandler
                0x0000000008001c58                EXTI0_IRQHandler
                0x0000000008001c58                I2C2_EV_IRQHandler
                0x0000000008001c58                CAN1_RX0_IRQHandler
                0x0000000008001c58                FPU_IRQHandler
                0x0000000008001c58                TIM1_UP_TIM16_IRQHandler
                0x0000000008001c58                SPI1_IRQHandler
                0x0000000008001c58                TIM6_DAC_IRQHandler
                0x0000000008001c58                TIM8_UP_IRQHandler
                0x0000000008001c58                DMA2_Channel2_IRQHandler
                0x0000000008001c58                DMA1_Channel4_IRQHandler
                0x0000000008001c58                SAI2_IRQHandler
                0x0000000008001c58                DFSDM1_FLT3_IRQHandler
                0x0000000008001c58                USART3_IRQHandler
                0x0000000008001c58                DMA1_Channel7_IRQHandler
                0x0000000008001c58                CAN1_RX1_IRQHandler
                0x0000000008001c58                LCD_IRQHandler
                0x0000000008001c58                UART5_IRQHandler
                0x0000000008001c58                ADC3_IRQHandler
                0x0000000008001c58                TIM4_IRQHandler
                0x0000000008001c58                QUADSPI_IRQHandler
                0x0000000008001c58                I2C1_EV_IRQHandler
                0x0000000008001c58                DMA1_Channel6_IRQHandler
                0x0000000008001c58                UART4_IRQHandler
                0x0000000008001c58                DMA2_Channel4_IRQHandler
                0x0000000008001c58                TIM3_IRQHandler
                0x0000000008001c58                RCC_IRQHandler
                0x0000000008001c58                DMA1_Channel1_IRQHandler
                0x0000000008001c58                Default_Handler
                0x0000000008001c58                DMA2_Channel7_IRQHandler
                0x0000000008001c58                EXTI15_10_IRQHandler
                0x0000000008001c58                TIM7_IRQHandler
                0x0000000008001c58                SDMMC1_IRQHandler
                0x0000000008001c58                TIM5_IRQHandler
                0x0000000008001c58                I2C3_EV_IRQHandler
                0x0000000008001c58                EXTI9_5_IRQHandler
                0x0000000008001c58                RTC_WKUP_IRQHandler
                0x0000000008001c58                PVD_PVM_IRQHandler
                0x0000000008001c58                SPI2_IRQHandler
                0x0000000008001c58                CAN1_TX_IRQHandler
                0x0000000008001c58                DMA2_Channel5_IRQHandler
                0x0000000008001c58                DMA1_Channel5_IRQHandler
                0x0000000008001c58                EXTI4_IRQHandler
                0x0000000008001c58                RNG_IRQHandler
                0x0000000008001c58                TIM1_TRG_COM_TIM17_IRQHandler
                0x0000000008001c58                DMA1_Channel3_IRQHandler
                0x0000000008001c58                COMP_IRQHandler
                0x0000000008001c58                WWDG_IRQHandler
                0x0000000008001c58                LPUART1_IRQHandler
                0x0000000008001c58                DMA2_Channel6_IRQHandler
                0x0000000008001c58                TIM2_IRQHandler
                0x0000000008001c58                EXTI1_IRQHandler
                0x0000000008001c58                USART2_IRQHandler
                0x0000000008001c58                DFSDM1_FLT0_IRQHandler
                0x0000000008001c58                I2C2_ER_IRQHandler
                0x0000000008001c58                DMA1_Channel2_IRQHandler
                0x0000000008001c58                TIM8_BRK_IRQHandler
                0x0000000008001c58                CAN1_SCE_IRQHandler
                0x0000000008001c58                FLASH_IRQHandler
                0x0000000008001c58                USART1_IRQHandler
                0x0000000008001c58                OTG_FS_IRQHandler
                0x0000000008001c58                SPI3_IRQHandler
                0x0000000008001c58                I2C1_ER_IRQHandler
                0x0000000008001c58                FMC_IRQHandler
                0x0000000008001c58                SWPMI1_IRQHandler
                0x0000000008001c58                LPTIM1_IRQHandler
                0x0000000008001c58                DMA2_Channel3_IRQHandler
                0x0000000008001c58                TIM1_BRK_TIM15_IRQHandler
 *fill*         0x0000000008001c5a        0x2 
 .text.HAL_SAI_ErrorCallback
                0x0000000008001c5c       0x24 ./Drivers/BSP/STM32L476G-Discovery/stm32l476g_discovery_audio.o
                0x0000000008001c5c                HAL_SAI_ErrorCallback
 .text.HAL_SAI_MspInit
                0x0000000008001c80       0xfc ./Drivers/BSP/STM32L476G-Discovery/stm32l476g_discovery_audio.o
                0x0000000008001c80                HAL_SAI_MspInit
 .text.HAL_DFSDM_ChannelMspInit
                0x0000000008001d7c       0x6c ./Drivers/BSP/STM32L476G-Discovery/stm32l476g_discovery_audio.o
                0x0000000008001d7c                HAL_DFSDM_ChannelMspInit
 .text.BSP_LCD_GLASS_Init
                0x0000000008001de8       0x74 ./Drivers/BSP/STM32L476G-Discovery/stm32l476g_discovery_glass_lcd.o
                0x0000000008001de8                BSP_LCD_GLASS_Init
 .text.BSP_LCD_GLASS_DisplayString
                0x0000000008001e5c       0x48 ./Drivers/BSP/STM32L476G-Discovery/stm32l476g_discovery_glass_lcd.o
                0x0000000008001e5c                BSP_LCD_GLASS_DisplayString
 .text.BSP_LCD_GLASS_Clear
                0x0000000008001ea4       0x14 ./Drivers/BSP/STM32L476G-Discovery/stm32l476g_discovery_glass_lcd.o
                0x0000000008001ea4                BSP_LCD_GLASS_Clear
 .text.BSP_LCD_GLASS_ScrollSentence
                0x0000000008001eb8      0x164 ./Drivers/BSP/STM32L476G-Discovery/stm32l476g_discovery_glass_lcd.o
                0x0000000008001eb8                BSP_LCD_GLASS_ScrollSentence
 .text.LCD_MspInit
                0x000000000800201c      0x18c ./Drivers/BSP/STM32L476G-Discovery/stm32l476g_discovery_glass_lcd.o
 .text.Convert  0x00000000080021a8      0x28c ./Drivers/BSP/STM32L476G-Discovery/stm32l476g_discovery_glass_lcd.o
 .text.WriteChar
                0x0000000008002434      0x700 ./Drivers/BSP/STM32L476G-Discovery/stm32l476g_discovery_glass_lcd.o
 .text.BSP_QSPI_Init
                0x0000000008002b34       0xac ./Drivers/BSP/STM32L476G-Discovery/stm32l476g_discovery_qspi.o
                0x0000000008002b34                BSP_QSPI_Init
 .text.QSPI_MspInit
                0x0000000008002be0       0x98 ./Drivers/BSP/STM32L476G-Discovery/stm32l476g_discovery_qspi.o
 .text.QSPI_ResetMemory
                0x0000000008002c78       0x88 ./Drivers/BSP/STM32L476G-Discovery/stm32l476g_discovery_qspi.o
 .text.QSPI_DummyCyclesCfg
                0x0000000008002d00       0xfc ./Drivers/BSP/STM32L476G-Discovery/stm32l476g_discovery_qspi.o
 .text.QSPI_WriteEnable
                0x0000000008002dfc       0x98 ./Drivers/BSP/STM32L476G-Discovery/stm32l476g_discovery_qspi.o
 .text.QSPI_AutoPollingMemReady
                0x0000000008002e94       0x74 ./Drivers/BSP/STM32L476G-Discovery/stm32l476g_discovery_qspi.o
 .text.HAL_Init
                0x0000000008002f08       0x40 ./Drivers/STM32L4xx_HAL_Driver/Src/stm32l4xx_hal.o
                0x0000000008002f08                HAL_Init
 .text.HAL_InitTick
                0x0000000008002f48       0x78 ./Drivers/STM32L4xx_HAL_Driver/Src/stm32l4xx_hal.o
                0x0000000008002f48                HAL_InitTick
 .text.HAL_IncTick
                0x0000000008002fc0       0x28 ./Drivers/STM32L4xx_HAL_Driver/Src/stm32l4xx_hal.o
                0x0000000008002fc0                HAL_IncTick
 .text.HAL_GetTick
                0x0000000008002fe8       0x18 ./Drivers/STM32L4xx_HAL_Driver/Src/stm32l4xx_hal.o
                0x0000000008002fe8                HAL_GetTick
 .text.HAL_Delay
                0x0000000008003000       0x48 ./Drivers/STM32L4xx_HAL_Driver/Src/stm32l4xx_hal.o
                0x0000000008003000                HAL_Delay
 .text.LL_ADC_SetCommonClock
                0x0000000008003048       0x26 ./Drivers/STM32L4xx_HAL_Driver/Src/stm32l4xx_hal_adc.o
 .text.LL_ADC_SetCommonPathInternalCh
                0x000000000800306e       0x26 ./Drivers/STM32L4xx_HAL_Driver/Src/stm32l4xx_hal_adc.o
 .text.LL_ADC_GetCommonPathInternalCh
                0x0000000008003094       0x1c ./Drivers/STM32L4xx_HAL_Driver/Src/stm32l4xx_hal_adc.o
 .text.LL_ADC_SetOffset
                0x00000000080030b0       0x48 ./Drivers/STM32L4xx_HAL_Driver/Src/stm32l4xx_hal_adc.o
 .text.LL_ADC_GetOffsetChannel
                0x00000000080030f8       0x2c ./Drivers/STM32L4xx_HAL_Driver/Src/stm32l4xx_hal_adc.o
 .text.LL_ADC_SetOffsetState
                0x0000000008003124       0x36 ./Drivers/STM32L4xx_HAL_Driver/Src/stm32l4xx_hal_adc.o
 .text.LL_ADC_REG_IsTriggerSourceSWStart
                0x000000000800315a       0x26 ./Drivers/STM32L4xx_HAL_Driver/Src/stm32l4xx_hal_adc.o
 .text.LL_ADC_REG_SetSequencerRanks
                0x0000000008003180       0x58 ./Drivers/STM32L4xx_HAL_Driver/Src/stm32l4xx_hal_adc.o
 .text.LL_ADC_INJ_IsTriggerSourceSWStart
                0x00000000080031d8       0x26 ./Drivers/STM32L4xx_HAL_Driver/Src/stm32l4xx_hal_adc.o
 .text.LL_ADC_SetChannelSamplingTime
                0x00000000080031fe       0x56 ./Drivers/STM32L4xx_HAL_Driver/Src/stm32l4xx_hal_adc.o
 .text.LL_ADC_SetChannelSingleDiff
                0x0000000008003254       0x48 ./Drivers/STM32L4xx_HAL_Driver/Src/stm32l4xx_hal_adc.o
 .text.LL_ADC_GetMultimode
                0x000000000800329c       0x1c ./Drivers/STM32L4xx_HAL_Driver/Src/stm32l4xx_hal_adc.o
 .text.LL_ADC_GetMultiDMATransfer
                0x00000000080032b8       0x1c ./Drivers/STM32L4xx_HAL_Driver/Src/stm32l4xx_hal_adc.o
 .text.LL_ADC_DisableDeepPowerDown
                0x00000000080032d4       0x24 ./Drivers/STM32L4xx_HAL_Driver/Src/stm32l4xx_hal_adc.o
 .text.LL_ADC_IsDeepPowerDownEnabled
                0x00000000080032f8       0x28 ./Drivers/STM32L4xx_HAL_Driver/Src/stm32l4xx_hal_adc.o
 .text.LL_ADC_EnableInternalRegulator
                0x0000000008003320       0x28 ./Drivers/STM32L4xx_HAL_Driver/Src/stm32l4xx_hal_adc.o
 .text.LL_ADC_IsInternalRegulatorEnabled
                0x0000000008003348       0x28 ./Drivers/STM32L4xx_HAL_Driver/Src/stm32l4xx_hal_adc.o
 .text.LL_ADC_IsEnabled
                0x0000000008003370       0x26 ./Drivers/STM32L4xx_HAL_Driver/Src/stm32l4xx_hal_adc.o
 .text.LL_ADC_REG_IsConversionOngoing
                0x0000000008003396       0x26 ./Drivers/STM32L4xx_HAL_Driver/Src/stm32l4xx_hal_adc.o
 .text.LL_ADC_INJ_IsConversionOngoing
                0x00000000080033bc       0x26 ./Drivers/STM32L4xx_HAL_Driver/Src/stm32l4xx_hal_adc.o
 *fill*         0x00000000080033e2        0x2 
 .text.HAL_ADC_Init
                0x00000000080033e4      0x2ac ./Drivers/STM32L4xx_HAL_Driver/Src/stm32l4xx_hal_adc.o
                0x00000000080033e4                HAL_ADC_Init
 .text.HAL_ADC_GetValue
                0x0000000008003690       0x1a ./Drivers/STM32L4xx_HAL_Driver/Src/stm32l4xx_hal_adc.o
                0x0000000008003690                HAL_ADC_GetValue
 *fill*         0x00000000080036aa        0x2 
 .text.HAL_ADC_IRQHandler
                0x00000000080036ac      0x434 ./Drivers/STM32L4xx_HAL_Driver/Src/stm32l4xx_hal_adc.o
                0x00000000080036ac                HAL_ADC_IRQHandler
 .text.HAL_ADC_LevelOutOfWindowCallback
                0x0000000008003ae0       0x14 ./Drivers/STM32L4xx_HAL_Driver/Src/stm32l4xx_hal_adc.o
                0x0000000008003ae0                HAL_ADC_LevelOutOfWindowCallback
 .text.HAL_ADC_ErrorCallback
                0x0000000008003af4       0x14 ./Drivers/STM32L4xx_HAL_Driver/Src/stm32l4xx_hal_adc.o
                0x0000000008003af4                HAL_ADC_ErrorCallback
 .text.HAL_ADC_ConfigChannel
                0x0000000008003b08      0x7e0 ./Drivers/STM32L4xx_HAL_Driver/Src/stm32l4xx_hal_adc.o
                0x0000000008003b08                HAL_ADC_ConfigChannel
 .text.LL_ADC_IsEnabled
                0x00000000080042e8       0x26 ./Drivers/STM32L4xx_HAL_Driver/Src/stm32l4xx_hal_adc_ex.o
 .text.LL_ADC_REG_IsConversionOngoing
                0x000000000800430e       0x26 ./Drivers/STM32L4xx_HAL_Driver/Src/stm32l4xx_hal_adc_ex.o
 .text.HAL_ADCEx_InjectedConvCpltCallback
                0x0000000008004334       0x14 ./Drivers/STM32L4xx_HAL_Driver/Src/stm32l4xx_hal_adc_ex.o
                0x0000000008004334                HAL_ADCEx_InjectedConvCpltCallback
 .text.HAL_ADCEx_InjectedQueueOverflowCallback
                0x0000000008004348       0x14 ./Drivers/STM32L4xx_HAL_Driver/Src/stm32l4xx_hal_adc_ex.o
                0x0000000008004348                HAL_ADCEx_InjectedQueueOverflowCallback
 .text.HAL_ADCEx_LevelOutOfWindow2Callback
                0x000000000800435c       0x14 ./Drivers/STM32L4xx_HAL_Driver/Src/stm32l4xx_hal_adc_ex.o
                0x000000000800435c                HAL_ADCEx_LevelOutOfWindow2Callback
 .text.HAL_ADCEx_LevelOutOfWindow3Callback
                0x0000000008004370       0x14 ./Drivers/STM32L4xx_HAL_Driver/Src/stm32l4xx_hal_adc_ex.o
                0x0000000008004370                HAL_ADCEx_LevelOutOfWindow3Callback
 .text.HAL_ADCEx_EndOfSamplingCallback
                0x0000000008004384       0x14 ./Drivers/STM32L4xx_HAL_Driver/Src/stm32l4xx_hal_adc_ex.o
                0x0000000008004384                HAL_ADCEx_EndOfSamplingCallback
 .text.HAL_ADCEx_MultiModeConfigChannel
                0x0000000008004398      0x160 ./Drivers/STM32L4xx_HAL_Driver/Src/stm32l4xx_hal_adc_ex.o
                0x0000000008004398                HAL_ADCEx_MultiModeConfigChannel
 .text.__NVIC_SetPriorityGrouping
                0x00000000080044f8       0x48 ./Drivers/STM32L4xx_HAL_Driver/Src/stm32l4xx_hal_cortex.o
 .text.__NVIC_GetPriorityGrouping
                0x0000000008004540       0x1c ./Drivers/STM32L4xx_HAL_Driver/Src/stm32l4xx_hal_cortex.o
 .text.__NVIC_EnableIRQ
                0x000000000800455c       0x3c ./Drivers/STM32L4xx_HAL_Driver/Src/stm32l4xx_hal_cortex.o
 .text.__NVIC_SetPriority
                0x0000000008004598       0x54 ./Drivers/STM32L4xx_HAL_Driver/Src/stm32l4xx_hal_cortex.o
 .text.NVIC_EncodePriority
                0x00000000080045ec       0x66 ./Drivers/STM32L4xx_HAL_Driver/Src/stm32l4xx_hal_cortex.o
 *fill*         0x0000000008004652        0x2 
 .text.SysTick_Config
                0x0000000008004654       0x44 ./Drivers/STM32L4xx_HAL_Driver/Src/stm32l4xx_hal_cortex.o
 .text.HAL_NVIC_SetPriorityGrouping
                0x0000000008004698       0x16 ./Drivers/STM32L4xx_HAL_Driver/Src/stm32l4xx_hal_cortex.o
                0x0000000008004698                HAL_NVIC_SetPriorityGrouping
 .text.HAL_NVIC_SetPriority
                0x00000000080046ae       0x38 ./Drivers/STM32L4xx_HAL_Driver/Src/stm32l4xx_hal_cortex.o
                0x00000000080046ae                HAL_NVIC_SetPriority
 .text.HAL_NVIC_EnableIRQ
                0x00000000080046e6       0x1c ./Drivers/STM32L4xx_HAL_Driver/Src/stm32l4xx_hal_cortex.o
                0x00000000080046e6                HAL_NVIC_EnableIRQ
 .text.HAL_SYSTICK_Config
                0x0000000008004702       0x18 ./Drivers/STM32L4xx_HAL_Driver/Src/stm32l4xx_hal_cortex.o
                0x0000000008004702                HAL_SYSTICK_Config
 *fill*         0x000000000800471a        0x2 
 .text.HAL_DFSDM_ChannelInit
                0x000000000800471c      0x180 ./Drivers/STM32L4xx_HAL_Driver/Src/stm32l4xx_hal_dfsdm.o
                0x000000000800471c                HAL_DFSDM_ChannelInit
 .text.DFSDM_GetChannelFromInstance
                0x000000000800489c       0x98 ./Drivers/STM32L4xx_HAL_Driver/Src/stm32l4xx_hal_dfsdm.o
 .text.HAL_DMA_Init
                0x0000000008004934      0x170 ./Drivers/STM32L4xx_HAL_Driver/Src/stm32l4xx_hal_dma.o
                0x0000000008004934                HAL_DMA_Init
 .text.HAL_DMA_DeInit
                0x0000000008004aa4      0x124 ./Drivers/STM32L4xx_HAL_Driver/Src/stm32l4xx_hal_dma.o
                0x0000000008004aa4                HAL_DMA_DeInit
 .text.HAL_DMA_Abort
                0x0000000008004bc8       0x7c ./Drivers/STM32L4xx_HAL_Driver/Src/stm32l4xx_hal_dma.o
                0x0000000008004bc8                HAL_DMA_Abort
 .text.HAL_DMA_Abort_IT
                0x0000000008004c44       0x82 ./Drivers/STM32L4xx_HAL_Driver/Src/stm32l4xx_hal_dma.o
                0x0000000008004c44                HAL_DMA_Abort_IT
 .text.HAL_DMA_IRQHandler
                0x0000000008004cc6      0x15e ./Drivers/STM32L4xx_HAL_Driver/Src/stm32l4xx_hal_dma.o
                0x0000000008004cc6                HAL_DMA_IRQHandler
 .text.HAL_GPIO_Init
                0x0000000008004e24      0x354 ./Drivers/STM32L4xx_HAL_Driver/Src/stm32l4xx_hal_gpio.o
                0x0000000008004e24                HAL_GPIO_Init
 .text.HAL_GPIO_DeInit
                0x0000000008005178      0x1e8 ./Drivers/STM32L4xx_HAL_Driver/Src/stm32l4xx_hal_gpio.o
                0x0000000008005178                HAL_GPIO_DeInit
 .text.HAL_GPIO_WritePin
                0x0000000008005360       0x30 ./Drivers/STM32L4xx_HAL_Driver/Src/stm32l4xx_hal_gpio.o
                0x0000000008005360                HAL_GPIO_WritePin
 .text.HAL_I2C_Init
                0x0000000008005390      0x11e ./Drivers/STM32L4xx_HAL_Driver/Src/stm32l4xx_hal_i2c.o
                0x0000000008005390                HAL_I2C_Init
 *fill*         0x00000000080054ae        0x2 
 .text.HAL_I2C_Mem_Write
                0x00000000080054b0      0x228 ./Drivers/STM32L4xx_HAL_Driver/Src/stm32l4xx_hal_i2c.o
                0x00000000080054b0                HAL_I2C_Mem_Write
 .text.I2C_RequestMemoryWrite
                0x00000000080056d8       0xa8 ./Drivers/STM32L4xx_HAL_Driver/Src/stm32l4xx_hal_i2c.o
 .text.I2C_Flush_TXDR
                0x0000000008005780       0x48 ./Drivers/STM32L4xx_HAL_Driver/Src/stm32l4xx_hal_i2c.o
 .text.I2C_WaitOnFlagUntilTimeout
                0x00000000080057c8       0x80 ./Drivers/STM32L4xx_HAL_Driver/Src/stm32l4xx_hal_i2c.o
 .text.I2C_WaitOnTXISFlagUntilTimeout
                0x0000000008005848       0x80 ./Drivers/STM32L4xx_HAL_Driver/Src/stm32l4xx_hal_i2c.o
 .text.I2C_WaitOnSTOPFlagUntilTimeout
                0x00000000080058c8       0x78 ./Drivers/STM32L4xx_HAL_Driver/Src/stm32l4xx_hal_i2c.o
 .text.I2C_IsErrorOccurred
                0x0000000008005940      0x1d8 ./Drivers/STM32L4xx_HAL_Driver/Src/stm32l4xx_hal_i2c.o
 .text.I2C_TransferConfig
                0x0000000008005b18       0x64 ./Drivers/STM32L4xx_HAL_Driver/Src/stm32l4xx_hal_i2c.o
 .text.HAL_I2CEx_ConfigAnalogFilter
                0x0000000008005b7c       0x96 ./Drivers/STM32L4xx_HAL_Driver/Src/stm32l4xx_hal_i2c_ex.o
                0x0000000008005b7c                HAL_I2CEx_ConfigAnalogFilter
 .text.HAL_I2CEx_ConfigDigitalFilter
                0x0000000008005c12       0x98 ./Drivers/STM32L4xx_HAL_Driver/Src/stm32l4xx_hal_i2c_ex.o
                0x0000000008005c12                HAL_I2CEx_ConfigDigitalFilter
 *fill*         0x0000000008005caa        0x2 
 .text.HAL_LCD_Init
                0x0000000008005cac      0x180 ./Drivers/STM32L4xx_HAL_Driver/Src/stm32l4xx_hal_lcd.o
                0x0000000008005cac                HAL_LCD_Init
 .text.HAL_LCD_Write
                0x0000000008005e2c       0xb6 ./Drivers/STM32L4xx_HAL_Driver/Src/stm32l4xx_hal_lcd.o
                0x0000000008005e2c                HAL_LCD_Write
 .text.HAL_LCD_Clear
                0x0000000008005ee2       0xac ./Drivers/STM32L4xx_HAL_Driver/Src/stm32l4xx_hal_lcd.o
                0x0000000008005ee2                HAL_LCD_Clear
 .text.HAL_LCD_UpdateDisplayRequest
                0x0000000008005f8e       0x72 ./Drivers/STM32L4xx_HAL_Driver/Src/stm32l4xx_hal_lcd.o
                0x0000000008005f8e                HAL_LCD_UpdateDisplayRequest
 .text.LCD_WaitForSynchro
                0x0000000008006000       0x42 ./Drivers/STM32L4xx_HAL_Driver/Src/stm32l4xx_hal_lcd.o
                0x0000000008006000                LCD_WaitForSynchro
 *fill*         0x0000000008006042        0x2 
 .text.HAL_PWREx_GetVoltageRange
                0x0000000008006044       0x1c ./Drivers/STM32L4xx_HAL_Driver/Src/stm32l4xx_hal_pwr_ex.o
                0x0000000008006044                HAL_PWREx_GetVoltageRange
 .text.HAL_PWREx_ControlVoltageScaling
                0x0000000008006060       0xac ./Drivers/STM32L4xx_HAL_Driver/Src/stm32l4xx_hal_pwr_ex.o
                0x0000000008006060                HAL_PWREx_ControlVoltageScaling
 .text.HAL_QSPI_Init
                0x000000000800610c       0xec ./Drivers/STM32L4xx_HAL_Driver/Src/stm32l4xx_hal_qspi.o
                0x000000000800610c                HAL_QSPI_Init
 .text.HAL_QSPI_DeInit
                0x00000000080061f8       0x48 ./Drivers/STM32L4xx_HAL_Driver/Src/stm32l4xx_hal_qspi.o
                0x00000000080061f8                HAL_QSPI_DeInit
 .text.HAL_QSPI_Command
                0x0000000008006240       0xbc ./Drivers/STM32L4xx_HAL_Driver/Src/stm32l4xx_hal_qspi.o
                0x0000000008006240                HAL_QSPI_Command
 .text.HAL_QSPI_Transmit
                0x00000000080062fc      0x12e ./Drivers/STM32L4xx_HAL_Driver/Src/stm32l4xx_hal_qspi.o
                0x00000000080062fc                HAL_QSPI_Transmit
 .text.HAL_QSPI_Receive
                0x000000000800642a      0x144 ./Drivers/STM32L4xx_HAL_Driver/Src/stm32l4xx_hal_qspi.o
                0x000000000800642a                HAL_QSPI_Receive
 .text.HAL_QSPI_AutoPolling
                0x000000000800656e       0xee ./Drivers/STM32L4xx_HAL_Driver/Src/stm32l4xx_hal_qspi.o
                0x000000000800656e                HAL_QSPI_AutoPolling
 .text.HAL_QSPI_Abort
                0x000000000800665c       0xda ./Drivers/STM32L4xx_HAL_Driver/Src/stm32l4xx_hal_qspi.o
                0x000000000800665c                HAL_QSPI_Abort
 .text.HAL_QSPI_SetTimeout
                0x0000000008006736       0x1c ./Drivers/STM32L4xx_HAL_Driver/Src/stm32l4xx_hal_qspi.o
                0x0000000008006736                HAL_QSPI_SetTimeout
 .text.QSPI_WaitFlagStateUntilTimeout
                0x0000000008006752       0x6e ./Drivers/STM32L4xx_HAL_Driver/Src/stm32l4xx_hal_qspi.o
 .text.QSPI_Config
                0x00000000080067c0      0x30c ./Drivers/STM32L4xx_HAL_Driver/Src/stm32l4xx_hal_qspi.o
 .text.HAL_RCC_OscConfig
                0x0000000008006acc      0x7d0 ./Drivers/STM32L4xx_HAL_Driver/Src/stm32l4xx_hal_rcc.o
                0x0000000008006acc                HAL_RCC_OscConfig
 .text.HAL_RCC_ClockConfig
                0x000000000800729c      0x1c4 ./Drivers/STM32L4xx_HAL_Driver/Src/stm32l4xx_hal_rcc.o
                0x000000000800729c                HAL_RCC_ClockConfig
 .text.HAL_RCC_GetSysClockFreq
                0x0000000008007460      0x118 ./Drivers/STM32L4xx_HAL_Driver/Src/stm32l4xx_hal_rcc.o
                0x0000000008007460                HAL_RCC_GetSysClockFreq
 .text.HAL_RCC_GetHCLKFreq
                0x0000000008007578       0x18 ./Drivers/STM32L4xx_HAL_Driver/Src/stm32l4xx_hal_rcc.o
                0x0000000008007578                HAL_RCC_GetHCLKFreq
 .text.HAL_RCC_GetPCLK1Freq
                0x0000000008007590       0x2c ./Drivers/STM32L4xx_HAL_Driver/Src/stm32l4xx_hal_rcc.o
                0x0000000008007590                HAL_RCC_GetPCLK1Freq
 .text.HAL_RCC_GetPCLK2Freq
                0x00000000080075bc       0x2c ./Drivers/STM32L4xx_HAL_Driver/Src/stm32l4xx_hal_rcc.o
                0x00000000080075bc                HAL_RCC_GetPCLK2Freq
 .text.RCC_SetFlashLatencyFromMSIRange
                0x00000000080075e8       0xc0 ./Drivers/STM32L4xx_HAL_Driver/Src/stm32l4xx_hal_rcc.o
 .text.HAL_RCCEx_PeriphCLKConfig
                0x00000000080076a8      0x5d4 ./Drivers/STM32L4xx_HAL_Driver/Src/stm32l4xx_hal_rcc_ex.o
                0x00000000080076a8                HAL_RCCEx_PeriphCLKConfig
 .text.HAL_RCCEx_GetPeriphCLKFreq
                0x0000000008007c7c      0xadc ./Drivers/STM32L4xx_HAL_Driver/Src/stm32l4xx_hal_rcc_ex.o
                0x0000000008007c7c                HAL_RCCEx_GetPeriphCLKFreq
 .text.RCCEx_PLLSAI1_Config
                0x0000000008008758      0x1e8 ./Drivers/STM32L4xx_HAL_Driver/Src/stm32l4xx_hal_rcc_ex.o
 .text.RCCEx_PLLSAI2_Config
                0x0000000008008940      0x1bc ./Drivers/STM32L4xx_HAL_Driver/Src/stm32l4xx_hal_rcc_ex.o
 .text.RCCEx_GetSAIxPeriphCLKFreq
                0x0000000008008afc      0x1e0 ./Drivers/STM32L4xx_HAL_Driver/Src/stm32l4xx_hal_rcc_ex.o
 .text.HAL_RTC_Init
                0x0000000008008cdc       0xf6 ./Drivers/STM32L4xx_HAL_Driver/Src/stm32l4xx_hal_rtc.o
                0x0000000008008cdc                HAL_RTC_Init
 .text.HAL_RTC_WaitForSynchro
                0x0000000008008dd2       0x4c ./Drivers/STM32L4xx_HAL_Driver/Src/stm32l4xx_hal_rtc.o
                0x0000000008008dd2                HAL_RTC_WaitForSynchro
 .text.RTC_EnterInitMode
                0x0000000008008e1e       0x66 ./Drivers/STM32L4xx_HAL_Driver/Src/stm32l4xx_hal_rtc.o
                0x0000000008008e1e                RTC_EnterInitMode
 .text.RTC_ExitInitMode
                0x0000000008008e84       0x7c ./Drivers/STM32L4xx_HAL_Driver/Src/stm32l4xx_hal_rtc.o
                0x0000000008008e84                RTC_ExitInitMode
 .text.HAL_SAI_InitProtocol
                0x0000000008008f00       0x62 ./Drivers/STM32L4xx_HAL_Driver/Src/stm32l4xx_hal_sai.o
                0x0000000008008f00                HAL_SAI_InitProtocol
 *fill*         0x0000000008008f62        0x2 
 .text.HAL_SAI_Init
                0x0000000008008f64      0x2e4 ./Drivers/STM32L4xx_HAL_Driver/Src/stm32l4xx_hal_sai.o
                0x0000000008008f64                HAL_SAI_Init
 .text.HAL_SAI_Transmit
                0x0000000008009248      0x20c ./Drivers/STM32L4xx_HAL_Driver/Src/stm32l4xx_hal_sai.o
                0x0000000008009248                HAL_SAI_Transmit
 .text.HAL_SAI_Abort
                0x0000000008009454       0xca ./Drivers/STM32L4xx_HAL_Driver/Src/stm32l4xx_hal_sai.o
                0x0000000008009454                HAL_SAI_Abort
 *fill*         0x000000000800951e        0x2 
 .text.HAL_SAI_IRQHandler
                0x0000000008009520      0x348 ./Drivers/STM32L4xx_HAL_Driver/Src/stm32l4xx_hal_sai.o
                0x0000000008009520                HAL_SAI_IRQHandler
 .text.SAI_InitI2S
                0x0000000008009868      0x164 ./Drivers/STM32L4xx_HAL_Driver/Src/stm32l4xx_hal_sai.o
 .text.SAI_InitPCM
                0x00000000080099cc      0x104 ./Drivers/STM32L4xx_HAL_Driver/Src/stm32l4xx_hal_sai.o
 .text.SAI_FillFifo
                0x0000000008009ad0      0x106 ./Drivers/STM32L4xx_HAL_Driver/Src/stm32l4xx_hal_sai.o
 *fill*         0x0000000008009bd6        0x2 
 .text.SAI_Disable
                0x0000000008009bd8       0x74 ./Drivers/STM32L4xx_HAL_Driver/Src/stm32l4xx_hal_sai.o
 .text.SAI_DMAAbort
                0x0000000008009c4c       0x6e ./Drivers/STM32L4xx_HAL_Driver/Src/stm32l4xx_hal_sai.o
 .text.HAL_UART_Init
                0x0000000008009cba       0x9c ./Drivers/STM32L4xx_HAL_Driver/Src/stm32l4xx_hal_uart.o
                0x0000000008009cba                HAL_UART_Init
 *fill*         0x0000000008009d56        0x2 
 .text.UART_SetConfig
                0x0000000008009d58      0x570 ./Drivers/STM32L4xx_HAL_Driver/Src/stm32l4xx_hal_uart.o
                0x0000000008009d58                UART_SetConfig
 .text.UART_AdvFeatureConfig
                0x000000000800a2c8      0x144 ./Drivers/STM32L4xx_HAL_Driver/Src/stm32l4xx_hal_uart.o
                0x000000000800a2c8                UART_AdvFeatureConfig
 .text.UART_CheckIdleState
                0x000000000800a40c       0x92 ./Drivers/STM32L4xx_HAL_Driver/Src/stm32l4xx_hal_uart.o
                0x000000000800a40c                UART_CheckIdleState
 .text.UART_WaitOnFlagUntilTimeout
                0x000000000800a49e      0x188 ./Drivers/STM32L4xx_HAL_Driver/Src/stm32l4xx_hal_uart.o
                0x000000000800a49e                UART_WaitOnFlagUntilTimeout
 *fill*         0x000000000800a626        0x2 
 .text.__libc_init_array
                0x000000000800a628       0x48 c:/program files/stm32cubeide_1.9.0/stm32cubeide/plugins/com.st.stm32cube.ide.mcu.externaltools.gnu-tools-for-stm32.10.3-2021.10.win32_1.0.0.202111181127/tools/bin/../lib/gcc/arm-none-eabi/10.3.1/../../../../arm-none-eabi/lib/thumb/v7e-m+fp/hard\libc_nano.a(lib_a-init.o)
                0x000000000800a628                __libc_init_array
 .text.memset   0x000000000800a670       0x10 c:/program files/stm32cubeide_1.9.0/stm32cubeide/plugins/com.st.stm32cube.ide.mcu.externaltools.gnu-tools-for-stm32.10.3-2021.10.win32_1.0.0.202111181127/tools/bin/../lib/gcc/arm-none-eabi/10.3.1/../../../../arm-none-eabi/lib/thumb/v7e-m+fp/hard\libc_nano.a(lib_a-memset.o)
                0x000000000800a670                memset
 .text.sin      0x000000000800a680       0xb0 c:/program files/stm32cubeide_1.9.0/stm32cubeide/plugins/com.st.stm32cube.ide.mcu.externaltools.gnu-tools-for-stm32.10.3-2021.10.win32_1.0.0.202111181127/tools/bin/../lib/gcc/arm-none-eabi/10.3.1/../../../../arm-none-eabi/lib/thumb/v7e-m+fp/hard\libm.a(lib_a-s_sin.o)
                0x000000000800a680                sin
 .text.__ieee754_rem_pio2
                0x000000000800a730      0x418 c:/program files/stm32cubeide_1.9.0/stm32cubeide/plugins/com.st.stm32cube.ide.mcu.externaltools.gnu-tools-for-stm32.10.3-2021.10.win32_1.0.0.202111181127/tools/bin/../lib/gcc/arm-none-eabi/10.3.1/../../../../arm-none-eabi/lib/thumb/v7e-m+fp/hard\libm.a(lib_a-e_rem_pio2.o)
                0x000000000800a730                __ieee754_rem_pio2
 .text.__kernel_cos
                0x000000000800ab48      0x18c c:/program files/stm32cubeide_1.9.0/stm32cubeide/plugins/com.st.stm32cube.ide.mcu.externaltools.gnu-tools-for-stm32.10.3-2021.10.win32_1.0.0.202111181127/tools/bin/../lib/gcc/arm-none-eabi/10.3.1/../../../../arm-none-eabi/lib/thumb/v7e-m+fp/hard\libm.a(lib_a-k_cos.o)
                0x000000000800ab48                __kernel_cos
 *fill*         0x000000000800acd4        0x4 
 .text.__kernel_rem_pio2
                0x000000000800acd8      0x69c c:/program files/stm32cubeide_1.9.0/stm32cubeide/plugins/com.st.stm32cube.ide.mcu.externaltools.gnu-tools-for-stm32.10.3-2021.10.win32_1.0.0.202111181127/tools/bin/../lib/gcc/arm-none-eabi/10.3.1/../../../../arm-none-eabi/lib/thumb/v7e-m+fp/hard\libm.a(lib_a-k_rem_pio2.o)
                0x000000000800acd8                __kernel_rem_pio2
 *fill*         0x000000000800b374        0x4 
 .text.__kernel_sin
                0x000000000800b378      0x17c c:/program files/stm32cubeide_1.9.0/stm32cubeide/plugins/com.st.stm32cube.ide.mcu.externaltools.gnu-tools-for-stm32.10.3-2021.10.win32_1.0.0.202111181127/tools/bin/../lib/gcc/arm-none-eabi/10.3.1/../../../../arm-none-eabi/lib/thumb/v7e-m+fp/hard\libm.a(lib_a-k_sin.o)
                0x000000000800b378                __kernel_sin
 .text.fabs     0x000000000800b4f4       0x12 c:/program files/stm32cubeide_1.9.0/stm32cubeide/plugins/com.st.stm32cube.ide.mcu.externaltools.gnu-tools-for-stm32.10.3-2021.10.win32_1.0.0.202111181127/tools/bin/../lib/gcc/arm-none-eabi/10.3.1/../../../../arm-none-eabi/lib/thumb/v7e-m+fp/hard\libm.a(lib_a-s_fabs.o)
                0x000000000800b4f4                fabs
 *fill*         0x000000000800b506        0x2 
 .text.floor    0x000000000800b508      0x100 c:/program files/stm32cubeide_1.9.0/stm32cubeide/plugins/com.st.stm32cube.ide.mcu.externaltools.gnu-tools-for-stm32.10.3-2021.10.win32_1.0.0.202111181127/tools/bin/../lib/gcc/arm-none-eabi/10.3.1/../../../../arm-none-eabi/lib/thumb/v7e-m+fp/hard\libm.a(lib_a-s_floor.o)
                0x000000000800b508                floor
 .text.scalbn   0x000000000800b608      0x10c c:/program files/stm32cubeide_1.9.0/stm32cubeide/plugins/com.st.stm32cube.ide.mcu.externaltools.gnu-tools-for-stm32.10.3-2021.10.win32_1.0.0.202111181127/tools/bin/../lib/gcc/arm-none-eabi/10.3.1/../../../../arm-none-eabi/lib/thumb/v7e-m+fp/hard\libm.a(lib_a-s_scalbn.o)
                0x000000000800b608                scalbn
 *(.glue_7)
 .glue_7        0x000000000800b714        0x0 linker stubs
 *(.glue_7t)
 .glue_7t       0x000000000800b714        0x0 linker stubs
 *(.eh_frame)
 .eh_frame      0x000000000800b714        0x0 c:/program files/stm32cubeide_1.9.0/stm32cubeide/plugins/com.st.stm32cube.ide.mcu.externaltools.gnu-tools-for-stm32.10.3-2021.10.win32_1.0.0.202111181127/tools/bin/../lib/gcc/arm-none-eabi/10.3.1/thumb/v7e-m+fp/hard/crtbegin.o
 *(.init)
 .init          0x000000000800b714        0x4 c:/program files/stm32cubeide_1.9.0/stm32cubeide/plugins/com.st.stm32cube.ide.mcu.externaltools.gnu-tools-for-stm32.10.3-2021.10.win32_1.0.0.202111181127/tools/bin/../lib/gcc/arm-none-eabi/10.3.1/thumb/v7e-m+fp/hard/crti.o
                0x000000000800b714                _init
 .init          0x000000000800b718        0x8 c:/program files/stm32cubeide_1.9.0/stm32cubeide/plugins/com.st.stm32cube.ide.mcu.externaltools.gnu-tools-for-stm32.10.3-2021.10.win32_1.0.0.202111181127/tools/bin/../lib/gcc/arm-none-eabi/10.3.1/thumb/v7e-m+fp/hard/crtn.o
 *(.fini)
 .fini          0x000000000800b720        0x4 c:/program files/stm32cubeide_1.9.0/stm32cubeide/plugins/com.st.stm32cube.ide.mcu.externaltools.gnu-tools-for-stm32.10.3-2021.10.win32_1.0.0.202111181127/tools/bin/../lib/gcc/arm-none-eabi/10.3.1/thumb/v7e-m+fp/hard/crti.o
                0x000000000800b720                _fini
 .fini          0x000000000800b724        0x8 c:/program files/stm32cubeide_1.9.0/stm32cubeide/plugins/com.st.stm32cube.ide.mcu.externaltools.gnu-tools-for-stm32.10.3-2021.10.win32_1.0.0.202111181127/tools/bin/../lib/gcc/arm-none-eabi/10.3.1/thumb/v7e-m+fp/hard/crtn.o
                0x000000000800b72c                . = ALIGN (0x4)
                0x000000000800b72c                _etext = .

.vfp11_veneer   0x000000000800b72c        0x0
 .vfp11_veneer  0x000000000800b72c        0x0 linker stubs

.v4_bx          0x000000000800b72c        0x0
 .v4_bx         0x000000000800b72c        0x0 linker stubs

.iplt           0x000000000800b72c        0x0
 .iplt          0x000000000800b72c        0x0 c:/program files/stm32cubeide_1.9.0/stm32cubeide/plugins/com.st.stm32cube.ide.mcu.externaltools.gnu-tools-for-stm32.10.3-2021.10.win32_1.0.0.202111181127/tools/bin/../lib/gcc/arm-none-eabi/10.3.1/thumb/v7e-m+fp/hard/crtbegin.o

.rodata         0x000000000800b730      0x280
                0x000000000800b730                . = ALIGN (0x4)
 *(.rodata)
 .rodata        0x000000000800b730       0x16 ./Core/Src/main.o
 *(.rodata*)
 *fill*         0x000000000800b746        0x2 
 .rodata.AHBPrescTable
                0x000000000800b748       0x10 ./Core/Src/system_stm32l4xx.o
                0x000000000800b748                AHBPrescTable
 .rodata.APBPrescTable
                0x000000000800b758        0x8 ./Core/Src/system_stm32l4xx.o
                0x000000000800b758                APBPrescTable
 .rodata.MSIRangeTable
                0x000000000800b760       0x30 ./Core/Src/system_stm32l4xx.o
                0x000000000800b760                MSIRangeTable
 .rodata.CapLetterMap
                0x000000000800b790       0x34 ./Drivers/BSP/STM32L476G-Discovery/stm32l476g_discovery_glass_lcd.o
                0x000000000800b790                CapLetterMap
 .rodata.NumberMap
                0x000000000800b7c4       0x14 ./Drivers/BSP/STM32L476G-Discovery/stm32l476g_discovery_glass_lcd.o
                0x000000000800b7c4                NumberMap
 .rodata.npio2_hw
                0x000000000800b7d8       0x80 c:/program files/stm32cubeide_1.9.0/stm32cubeide/plugins/com.st.stm32cube.ide.mcu.externaltools.gnu-tools-for-stm32.10.3-2021.10.win32_1.0.0.202111181127/tools/bin/../lib/gcc/arm-none-eabi/10.3.1/../../../../arm-none-eabi/lib/thumb/v7e-m+fp/hard\libm.a(lib_a-e_rem_pio2.o)
 .rodata.two_over_pi
                0x000000000800b858      0x108 c:/program files/stm32cubeide_1.9.0/stm32cubeide/plugins/com.st.stm32cube.ide.mcu.externaltools.gnu-tools-for-stm32.10.3-2021.10.win32_1.0.0.202111181127/tools/bin/../lib/gcc/arm-none-eabi/10.3.1/../../../../arm-none-eabi/lib/thumb/v7e-m+fp/hard\libm.a(lib_a-e_rem_pio2.o)
 .rodata.PIo2   0x000000000800b960       0x40 c:/program files/stm32cubeide_1.9.0/stm32cubeide/plugins/com.st.stm32cube.ide.mcu.externaltools.gnu-tools-for-stm32.10.3-2021.10.win32_1.0.0.202111181127/tools/bin/../lib/gcc/arm-none-eabi/10.3.1/../../../../arm-none-eabi/lib/thumb/v7e-m+fp/hard\libm.a(lib_a-k_rem_pio2.o)
 .rodata.init_jk
                0x000000000800b9a0       0x10 c:/program files/stm32cubeide_1.9.0/stm32cubeide/plugins/com.st.stm32cube.ide.mcu.externaltools.gnu-tools-for-stm32.10.3-2021.10.win32_1.0.0.202111181127/tools/bin/../lib/gcc/arm-none-eabi/10.3.1/../../../../arm-none-eabi/lib/thumb/v7e-m+fp/hard\libm.a(lib_a-k_rem_pio2.o)
                0x000000000800b9b0                . = ALIGN (0x4)

.ARM.extab      0x000000000800b9b0        0x0
                0x000000000800b9b0                . = ALIGN (0x4)
 *(.ARM.extab* .gnu.linkonce.armextab.*)
                0x000000000800b9b0                . = ALIGN (0x4)

.ARM            0x000000000800b9b0        0x8
                0x000000000800b9b0                . = ALIGN (0x4)
                0x000000000800b9b0                __exidx_start = .
 *(.ARM.exidx*)
 .ARM.exidx     0x000000000800b9b0        0x8 c:/program files/stm32cubeide_1.9.0/stm32cubeide/plugins/com.st.stm32cube.ide.mcu.externaltools.gnu-tools-for-stm32.10.3-2021.10.win32_1.0.0.202111181127/tools/bin/../lib/gcc/arm-none-eabi/10.3.1/thumb/v7e-m+fp/hard\libgcc.a(_udivmoddi4.o)
                0x000000000800b9b8                __exidx_end = .
                0x000000000800b9b8                . = ALIGN (0x4)

.rel.dyn        0x000000000800b9b8        0x0
 .rel.iplt      0x000000000800b9b8        0x0 c:/program files/stm32cubeide_1.9.0/stm32cubeide/plugins/com.st.stm32cube.ide.mcu.externaltools.gnu-tools-for-stm32.10.3-2021.10.win32_1.0.0.202111181127/tools/bin/../lib/gcc/arm-none-eabi/10.3.1/thumb/v7e-m+fp/hard/crtbegin.o

.preinit_array  0x000000000800b9b8        0x0
                0x000000000800b9b8                . = ALIGN (0x4)
                0x000000000800b9b8                PROVIDE (__preinit_array_start = .)
 *(.preinit_array*)
                0x000000000800b9b8                PROVIDE (__preinit_array_end = .)
                0x000000000800b9b8                . = ALIGN (0x4)

.init_array     0x000000000800b9b8        0x4
                0x000000000800b9b8                . = ALIGN (0x4)
                0x000000000800b9b8                PROVIDE (__init_array_start = .)
 *(SORT_BY_NAME(.init_array.*))
 *(.init_array*)
 .init_array    0x000000000800b9b8        0x4 c:/program files/stm32cubeide_1.9.0/stm32cubeide/plugins/com.st.stm32cube.ide.mcu.externaltools.gnu-tools-for-stm32.10.3-2021.10.win32_1.0.0.202111181127/tools/bin/../lib/gcc/arm-none-eabi/10.3.1/thumb/v7e-m+fp/hard/crtbegin.o
                0x000000000800b9bc                PROVIDE (__init_array_end = .)
                0x000000000800b9bc                . = ALIGN (0x4)

.fini_array     0x000000000800b9bc        0x4
                0x000000000800b9bc                . = ALIGN (0x4)
                [!provide]                        PROVIDE (__fini_array_start = .)
 *(SORT_BY_NAME(.fini_array.*))
 *(.fini_array*)
 .fini_array    0x000000000800b9bc        0x4 c:/program files/stm32cubeide_1.9.0/stm32cubeide/plugins/com.st.stm32cube.ide.mcu.externaltools.gnu-tools-for-stm32.10.3-2021.10.win32_1.0.0.202111181127/tools/bin/../lib/gcc/arm-none-eabi/10.3.1/thumb/v7e-m+fp/hard/crtbegin.o
                [!provide]                        PROVIDE (__fini_array_end = .)
                0x000000000800b9c0                . = ALIGN (0x4)
                0x000000000800b9c0                _sidata = LOADADDR (.data)

.data           0x0000000020000000        0xc load address 0x000000000800b9c0
                0x0000000020000000                . = ALIGN (0x4)
                0x0000000020000000                _sdata = .
 *(.data)
 *(.data*)
 .data.SystemCoreClock
                0x0000000020000000        0x4 ./Core/Src/system_stm32l4xx.o
                0x0000000020000000                SystemCoreClock
 .data.uwTickPrio
                0x0000000020000004        0x4 ./Drivers/STM32L4xx_HAL_Driver/Src/stm32l4xx_hal.o
                0x0000000020000004                uwTickPrio
 .data.uwTickFreq
                0x0000000020000008        0x1 ./Drivers/STM32L4xx_HAL_Driver/Src/stm32l4xx_hal.o
                0x0000000020000008                uwTickFreq
 *(.RamFunc)
 *(.RamFunc*)
                0x000000002000000c                . = ALIGN (0x4)
 *fill*         0x0000000020000009        0x3 
                0x000000002000000c                _edata = .

.igot.plt       0x000000002000000c        0x0 load address 0x000000000800b9cc
 .igot.plt      0x000000002000000c        0x0 c:/program files/stm32cubeide_1.9.0/stm32cubeide/plugins/com.st.stm32cube.ide.mcu.externaltools.gnu-tools-for-stm32.10.3-2021.10.win32_1.0.0.202111181127/tools/bin/../lib/gcc/arm-none-eabi/10.3.1/thumb/v7e-m+fp/hard/crtbegin.o
                0x000000002000000c                . = ALIGN (0x4)

.bss            0x000000002000000c     0x2684 load address 0x000000000800b9cc
                0x000000002000000c                _sbss = .
                0x000000002000000c                __bss_start__ = _sbss
 *(.bss)
 .bss           0x000000002000000c       0x1c c:/program files/stm32cubeide_1.9.0/stm32cubeide/plugins/com.st.stm32cube.ide.mcu.externaltools.gnu-tools-for-stm32.10.3-2021.10.win32_1.0.0.202111181127/tools/bin/../lib/gcc/arm-none-eabi/10.3.1/thumb/v7e-m+fp/hard/crtbegin.o
 *(.bss*)
 .bss.audio_data
                0x0000000020000028     0x2260 ./Core/Src/main.o
 .bss.hadc1     0x0000000020002288       0x64 ./Core/Src/main.o
                0x0000000020002288                hadc1
 .bss.hdfsdm1_channel0
                0x00000000200022ec       0x38 ./Core/Src/main.o
                0x00000000200022ec                hdfsdm1_channel0
 .bss.hi2c1     0x0000000020002324       0x4c ./Core/Src/main.o
                0x0000000020002324                hi2c1
 .bss.hlcd      0x0000000020002370       0x3c ./Core/Src/main.o
                0x0000000020002370                hlcd
 .bss.hqspi     0x00000000200023ac       0x44 ./Core/Src/main.o
                0x00000000200023ac                hqspi
 .bss.hrtc      0x00000000200023f0       0x24 ./Core/Src/main.o
                0x00000000200023f0                hrtc
 .bss.hsai_BlockA1
                0x0000000020002414       0x84 ./Core/Src/main.o
                0x0000000020002414                hsai_BlockA1
 .bss.hdma_sai1_a
                0x0000000020002498       0x48 ./Core/Src/main.o
                0x0000000020002498                hdma_sai1_a
 .bss.huart3    0x00000000200024e0       0x84 ./Core/Src/main.o
                0x00000000200024e0                huart3
 .bss.PomiarADC
                0x0000000020002564        0x1 ./Core/Src/main.o
                0x0000000020002564                PomiarADC
 *fill*         0x0000000020002565        0x3 
 .bss.pQSPI_Info.0
                0x0000000020002568       0x14 ./Core/Src/main.o
 .bss.hAudioOut
                0x000000002000257c       0x10 ./Drivers/BSP/STM32L476G-Discovery/stm32l476g_discovery_audio.o
 .bss.hDmaSai   0x000000002000258c       0x48 ./Drivers/BSP/STM32L476G-Discovery/stm32l476g_discovery_audio.o
 .bss.bLCDGlass_KeyPressed
                0x00000000200025d4        0x1 ./Drivers/BSP/STM32L476G-Discovery/stm32l476g_discovery_glass_lcd.o
                0x00000000200025d4                bLCDGlass_KeyPressed
 *fill*         0x00000000200025d5        0x3 
 .bss.LCDHandle
                0x00000000200025d8       0x3c ./Drivers/BSP/STM32L476G-Discovery/stm32l476g_discovery_glass_lcd.o
                0x00000000200025d8                LCDHandle
 .bss.Digit     0x0000000020002614       0x10 ./Drivers/BSP/STM32L476G-Discovery/stm32l476g_discovery_glass_lcd.o
                0x0000000020002614                Digit
 .bss.QSPIHandle
                0x0000000020002624       0x44 ./Drivers/BSP/STM32L476G-Discovery/stm32l476g_discovery_qspi.o
                0x0000000020002624                QSPIHandle
 .bss.uwTick    0x0000000020002668        0x4 ./Drivers/STM32L4xx_HAL_Driver/Src/stm32l4xx_hal.o
                0x0000000020002668                uwTick
 .bss.v_dfsdm1ChannelCounter
                0x000000002000266c        0x4 ./Drivers/STM32L4xx_HAL_Driver/Src/stm32l4xx_hal_dfsdm.o
 .bss.a_dfsdm1ChannelHandle
                0x0000000020002670       0x20 ./Drivers/STM32L4xx_HAL_Driver/Src/stm32l4xx_hal_dfsdm.o
 *(COMMON)
                0x0000000020002690                . = ALIGN (0x4)
                0x0000000020002690                _ebss = .
                0x0000000020002690                __bss_end__ = _ebss

._user_heap_stack
                0x0000000020002690      0x600 load address 0x000000000800b9cc
                0x0000000020002690                . = ALIGN (0x8)
                [!provide]                        PROVIDE (end = .)
                0x0000000020002690                PROVIDE (_end = .)
                0x0000000020002890                . = (. + _Min_Heap_Size)
 *fill*         0x0000000020002690      0x200 
                0x0000000020002c90                . = (. + _Min_Stack_Size)
 *fill*         0x0000000020002890      0x400 
                0x0000000020002c90                . = ALIGN (0x8)

/DISCARD/
 libc.a(*)
 libm.a(*)
 libgcc.a(*)

.ARM.attributes
                0x0000000000000000       0x30
 *(.ARM.attributes)
 .ARM.attributes
                0x0000000000000000       0x1e c:/program files/stm32cubeide_1.9.0/stm32cubeide/plugins/com.st.stm32cube.ide.mcu.externaltools.gnu-tools-for-stm32.10.3-2021.10.win32_1.0.0.202111181127/tools/bin/../lib/gcc/arm-none-eabi/10.3.1/thumb/v7e-m+fp/hard/crti.o
 .ARM.attributes
                0x000000000000001e       0x34 c:/program files/stm32cubeide_1.9.0/stm32cubeide/plugins/com.st.stm32cube.ide.mcu.externaltools.gnu-tools-for-stm32.10.3-2021.10.win32_1.0.0.202111181127/tools/bin/../lib/gcc/arm-none-eabi/10.3.1/thumb/v7e-m+fp/hard/crtbegin.o
 .ARM.attributes
                0x0000000000000052       0x34 ./Core/Src/main.o
 .ARM.attributes
                0x0000000000000086       0x34 ./Core/Src/stm32l4xx_hal_msp.o
 .ARM.attributes
                0x00000000000000ba       0x34 ./Core/Src/stm32l4xx_it.o
 .ARM.attributes
                0x00000000000000ee       0x34 ./Core/Src/system_stm32l4xx.o
 .ARM.attributes
                0x0000000000000122       0x21 ./Core/Startup/startup_stm32l476vgtx.o
 .ARM.attributes
                0x0000000000000143       0x34 ./Drivers/BSP/STM32L476G-Discovery/stm32l476g_discovery_audio.o
 .ARM.attributes
                0x0000000000000177       0x34 ./Drivers/BSP/STM32L476G-Discovery/stm32l476g_discovery_glass_lcd.o
 .ARM.attributes
                0x00000000000001ab       0x34 ./Drivers/BSP/STM32L476G-Discovery/stm32l476g_discovery_qspi.o
 .ARM.attributes
                0x00000000000001df       0x34 ./Drivers/STM32L4xx_HAL_Driver/Src/stm32l4xx_hal.o
 .ARM.attributes
                0x0000000000000213       0x34 ./Drivers/STM32L4xx_HAL_Driver/Src/stm32l4xx_hal_adc.o
 .ARM.attributes
                0x0000000000000247       0x34 ./Drivers/STM32L4xx_HAL_Driver/Src/stm32l4xx_hal_adc_ex.o
 .ARM.attributes
                0x000000000000027b       0x34 ./Drivers/STM32L4xx_HAL_Driver/Src/stm32l4xx_hal_cortex.o
 .ARM.attributes
                0x00000000000002af       0x34 ./Drivers/STM32L4xx_HAL_Driver/Src/stm32l4xx_hal_dfsdm.o
 .ARM.attributes
                0x00000000000002e3       0x34 ./Drivers/STM32L4xx_HAL_Driver/Src/stm32l4xx_hal_dma.o
 .ARM.attributes
                0x0000000000000317       0x34 ./Drivers/STM32L4xx_HAL_Driver/Src/stm32l4xx_hal_gpio.o
 .ARM.attributes
                0x000000000000034b       0x34 ./Drivers/STM32L4xx_HAL_Driver/Src/stm32l4xx_hal_i2c.o
 .ARM.attributes
                0x000000000000037f       0x34 ./Drivers/STM32L4xx_HAL_Driver/Src/stm32l4xx_hal_i2c_ex.o
 .ARM.attributes
                0x00000000000003b3       0x34 ./Drivers/STM32L4xx_HAL_Driver/Src/stm32l4xx_hal_lcd.o
 .ARM.attributes
                0x00000000000003e7       0x34 ./Drivers/STM32L4xx_HAL_Driver/Src/stm32l4xx_hal_pwr_ex.o
 .ARM.attributes
                0x000000000000041b       0x34 ./Drivers/STM32L4xx_HAL_Driver/Src/stm32l4xx_hal_qspi.o
 .ARM.attributes
                0x000000000000044f       0x34 ./Drivers/STM32L4xx_HAL_Driver/Src/stm32l4xx_hal_rcc.o
 .ARM.attributes
                0x0000000000000483       0x34 ./Drivers/STM32L4xx_HAL_Driver/Src/stm32l4xx_hal_rcc_ex.o
 .ARM.attributes
                0x00000000000004b7       0x34 ./Drivers/STM32L4xx_HAL_Driver/Src/stm32l4xx_hal_rtc.o
 .ARM.attributes
                0x00000000000004eb       0x34 ./Drivers/STM32L4xx_HAL_Driver/Src/stm32l4xx_hal_sai.o
 .ARM.attributes
                0x000000000000051f       0x34 ./Drivers/STM32L4xx_HAL_Driver/Src/stm32l4xx_hal_uart.o
 .ARM.attributes
                0x0000000000000553       0x34 c:/program files/stm32cubeide_1.9.0/stm32cubeide/plugins/com.st.stm32cube.ide.mcu.externaltools.gnu-tools-for-stm32.10.3-2021.10.win32_1.0.0.202111181127/tools/bin/../lib/gcc/arm-none-eabi/10.3.1/../../../../arm-none-eabi/lib/thumb/v7e-m+fp/hard\libc_nano.a(lib_a-init.o)
 .ARM.attributes
                0x0000000000000587       0x34 c:/program files/stm32cubeide_1.9.0/stm32cubeide/plugins/com.st.stm32cube.ide.mcu.externaltools.gnu-tools-for-stm32.10.3-2021.10.win32_1.0.0.202111181127/tools/bin/../lib/gcc/arm-none-eabi/10.3.1/../../../../arm-none-eabi/lib/thumb/v7e-m+fp/hard\libc_nano.a(lib_a-memset.o)
 .ARM.attributes
                0x00000000000005bb       0x34 c:/program files/stm32cubeide_1.9.0/stm32cubeide/plugins/com.st.stm32cube.ide.mcu.externaltools.gnu-tools-for-stm32.10.3-2021.10.win32_1.0.0.202111181127/tools/bin/../lib/gcc/arm-none-eabi/10.3.1/../../../../arm-none-eabi/lib/thumb/v7e-m+fp/hard\libm.a(lib_a-s_sin.o)
 .ARM.attributes
                0x00000000000005ef       0x34 c:/program files/stm32cubeide_1.9.0/stm32cubeide/plugins/com.st.stm32cube.ide.mcu.externaltools.gnu-tools-for-stm32.10.3-2021.10.win32_1.0.0.202111181127/tools/bin/../lib/gcc/arm-none-eabi/10.3.1/../../../../arm-none-eabi/lib/thumb/v7e-m+fp/hard\libm.a(lib_a-e_rem_pio2.o)
 .ARM.attributes
                0x0000000000000623       0x34 c:/program files/stm32cubeide_1.9.0/stm32cubeide/plugins/com.st.stm32cube.ide.mcu.externaltools.gnu-tools-for-stm32.10.3-2021.10.win32_1.0.0.202111181127/tools/bin/../lib/gcc/arm-none-eabi/10.3.1/../../../../arm-none-eabi/lib/thumb/v7e-m+fp/hard\libm.a(lib_a-k_cos.o)
 .ARM.attributes
                0x0000000000000657       0x34 c:/program files/stm32cubeide_1.9.0/stm32cubeide/plugins/com.st.stm32cube.ide.mcu.externaltools.gnu-tools-for-stm32.10.3-2021.10.win32_1.0.0.202111181127/tools/bin/../lib/gcc/arm-none-eabi/10.3.1/../../../../arm-none-eabi/lib/thumb/v7e-m+fp/hard\libm.a(lib_a-k_rem_pio2.o)
 .ARM.attributes
                0x000000000000068b       0x34 c:/program files/stm32cubeide_1.9.0/stm32cubeide/plugins/com.st.stm32cube.ide.mcu.externaltools.gnu-tools-for-stm32.10.3-2021.10.win32_1.0.0.202111181127/tools/bin/../lib/gcc/arm-none-eabi/10.3.1/../../../../arm-none-eabi/lib/thumb/v7e-m+fp/hard\libm.a(lib_a-k_sin.o)
 .ARM.attributes
                0x00000000000006bf       0x34 c:/program files/stm32cubeide_1.9.0/stm32cubeide/plugins/com.st.stm32cube.ide.mcu.externaltools.gnu-tools-for-stm32.10.3-2021.10.win32_1.0.0.202111181127/tools/bin/../lib/gcc/arm-none-eabi/10.3.1/../../../../arm-none-eabi/lib/thumb/v7e-m+fp/hard\libm.a(lib_a-s_fabs.o)
 .ARM.attributes
                0x00000000000006f3       0x34 c:/program files/stm32cubeide_1.9.0/stm32cubeide/plugins/com.st.stm32cube.ide.mcu.externaltools.gnu-tools-for-stm32.10.3-2021.10.win32_1.0.0.202111181127/tools/bin/../lib/gcc/arm-none-eabi/10.3.1/../../../../arm-none-eabi/lib/thumb/v7e-m+fp/hard\libm.a(lib_a-s_floor.o)
 .ARM.attributes
                0x0000000000000727       0x34 c:/program files/stm32cubeide_1.9.0/stm32cubeide/plugins/com.st.stm32cube.ide.mcu.externaltools.gnu-tools-for-stm32.10.3-2021.10.win32_1.0.0.202111181127/tools/bin/../lib/gcc/arm-none-eabi/10.3.1/../../../../arm-none-eabi/lib/thumb/v7e-m+fp/hard\libm.a(lib_a-s_scalbn.o)
 .ARM.attributes
                0x000000000000075b       0x1e c:/program files/stm32cubeide_1.9.0/stm32cubeide/plugins/com.st.stm32cube.ide.mcu.externaltools.gnu-tools-for-stm32.10.3-2021.10.win32_1.0.0.202111181127/tools/bin/../lib/gcc/arm-none-eabi/10.3.1/thumb/v7e-m+fp/hard\libgcc.a(_arm_addsubdf3.o)
 .ARM.attributes
                0x0000000000000779       0x1e c:/program files/stm32cubeide_1.9.0/stm32cubeide/plugins/com.st.stm32cube.ide.mcu.externaltools.gnu-tools-for-stm32.10.3-2021.10.win32_1.0.0.202111181127/tools/bin/../lib/gcc/arm-none-eabi/10.3.1/thumb/v7e-m+fp/hard\libgcc.a(_arm_muldivdf3.o)
 .ARM.attributes
                0x0000000000000797       0x1e c:/program files/stm32cubeide_1.9.0/stm32cubeide/plugins/com.st.stm32cube.ide.mcu.externaltools.gnu-tools-for-stm32.10.3-2021.10.win32_1.0.0.202111181127/tools/bin/../lib/gcc/arm-none-eabi/10.3.1/thumb/v7e-m+fp/hard\libgcc.a(_arm_cmpdf2.o)
 .ARM.attributes
                0x00000000000007b5       0x1e c:/program files/stm32cubeide_1.9.0/stm32cubeide/plugins/com.st.stm32cube.ide.mcu.externaltools.gnu-tools-for-stm32.10.3-2021.10.win32_1.0.0.202111181127/tools/bin/../lib/gcc/arm-none-eabi/10.3.1/thumb/v7e-m+fp/hard\libgcc.a(_arm_fixdfsi.o)
 .ARM.attributes
                0x00000000000007d3       0x1e c:/program files/stm32cubeide_1.9.0/stm32cubeide/plugins/com.st.stm32cube.ide.mcu.externaltools.gnu-tools-for-stm32.10.3-2021.10.win32_1.0.0.202111181127/tools/bin/../lib/gcc/arm-none-eabi/10.3.1/thumb/v7e-m+fp/hard\libgcc.a(_aeabi_uldivmod.o)
 .ARM.attributes
                0x00000000000007f1       0x34 c:/program files/stm32cubeide_1.9.0/stm32cubeide/plugins/com.st.stm32cube.ide.mcu.externaltools.gnu-tools-for-stm32.10.3-2021.10.win32_1.0.0.202111181127/tools/bin/../lib/gcc/arm-none-eabi/10.3.1/thumb/v7e-m+fp/hard\libgcc.a(_udivmoddi4.o)
 .ARM.attributes
                0x0000000000000825       0x1e c:/program files/stm32cubeide_1.9.0/stm32cubeide/plugins/com.st.stm32cube.ide.mcu.externaltools.gnu-tools-for-stm32.10.3-2021.10.win32_1.0.0.202111181127/tools/bin/../lib/gcc/arm-none-eabi/10.3.1/thumb/v7e-m+fp/hard\libgcc.a(_dvmd_tls.o)
 .ARM.attributes
                0x0000000000000843       0x1e c:/program files/stm32cubeide_1.9.0/stm32cubeide/plugins/com.st.stm32cube.ide.mcu.externaltools.gnu-tools-for-stm32.10.3-2021.10.win32_1.0.0.202111181127/tools/bin/../lib/gcc/arm-none-eabi/10.3.1/thumb/v7e-m+fp/hard/crtn.o
OUTPUT(ProgramWithBSP.elf elf32-littlearm)
LOAD linker stubs
LOAD c:/program files/stm32cubeide_1.9.0/stm32cubeide/plugins/com.st.stm32cube.ide.mcu.externaltools.gnu-tools-for-stm32.10.3-2021.10.win32_1.0.0.202111181127/tools/bin/../lib/gcc/arm-none-eabi/10.3.1/../../../../arm-none-eabi/lib/thumb/v7e-m+fp/hard\libc.a
LOAD c:/program files/stm32cubeide_1.9.0/stm32cubeide/plugins/com.st.stm32cube.ide.mcu.externaltools.gnu-tools-for-stm32.10.3-2021.10.win32_1.0.0.202111181127/tools/bin/../lib/gcc/arm-none-eabi/10.3.1/../../../../arm-none-eabi/lib/thumb/v7e-m+fp/hard\libm.a
LOAD c:/program files/stm32cubeide_1.9.0/stm32cubeide/plugins/com.st.stm32cube.ide.mcu.externaltools.gnu-tools-for-stm32.10.3-2021.10.win32_1.0.0.202111181127/tools/bin/../lib/gcc/arm-none-eabi/10.3.1/thumb/v7e-m+fp/hard\libgcc.a

.debug_info     0x0000000000000000    0x1ebc5
 .debug_info    0x0000000000000000     0x2d2d ./Core/Src/main.o
 .debug_info    0x0000000000002d2d     0x220d ./Core/Src/stm32l4xx_hal_msp.o
 .debug_info    0x0000000000004f3a      0xba9 ./Core/Src/stm32l4xx_it.o
 .debug_info    0x0000000000005ae3      0x5c6 ./Core/Src/system_stm32l4xx.o
 .debug_info    0x00000000000060a9       0x22 ./Core/Startup/startup_stm32l476vgtx.o
 .debug_info    0x00000000000060cb     0x20ca ./Drivers/BSP/STM32L476G-Discovery/stm32l476g_discovery_audio.o
 .debug_info    0x0000000000008195     0x1173 ./Drivers/BSP/STM32L476G-Discovery/stm32l476g_discovery_glass_lcd.o
 .debug_info    0x0000000000009308     0x116e ./Drivers/BSP/STM32L476G-Discovery/stm32l476g_discovery_qspi.o
 .debug_info    0x000000000000a476      0xc57 ./Drivers/STM32L4xx_HAL_Driver/Src/stm32l4xx_hal.o
 .debug_info    0x000000000000b0cd     0x1e74 ./Drivers/STM32L4xx_HAL_Driver/Src/stm32l4xx_hal_adc.o
 .debug_info    0x000000000000cf41     0x1beb ./Drivers/STM32L4xx_HAL_Driver/Src/stm32l4xx_hal_adc_ex.o
 .debug_info    0x000000000000eb2c      0xe21 ./Drivers/STM32L4xx_HAL_Driver/Src/stm32l4xx_hal_cortex.o
 .debug_info    0x000000000000f94d     0x1b9b ./Drivers/STM32L4xx_HAL_Driver/Src/stm32l4xx_hal_dfsdm.o
 .debug_info    0x00000000000114e8      0x76a ./Drivers/STM32L4xx_HAL_Driver/Src/stm32l4xx_hal_dma.o
 .debug_info    0x0000000000011c52      0x821 ./Drivers/STM32L4xx_HAL_Driver/Src/stm32l4xx_hal_gpio.o
 .debug_info    0x0000000000012473     0x21d0 ./Drivers/STM32L4xx_HAL_Driver/Src/stm32l4xx_hal_i2c.o
 .debug_info    0x0000000000014643      0xa2b ./Drivers/STM32L4xx_HAL_Driver/Src/stm32l4xx_hal_i2c_ex.o
 .debug_info    0x000000000001506e      0x56f ./Drivers/STM32L4xx_HAL_Driver/Src/stm32l4xx_hal_lcd.o
 .debug_info    0x00000000000155dd      0x9f0 ./Drivers/STM32L4xx_HAL_Driver/Src/stm32l4xx_hal_pwr_ex.o
 .debug_info    0x0000000000015fcd     0x124f ./Drivers/STM32L4xx_HAL_Driver/Src/stm32l4xx_hal_qspi.o
 .debug_info    0x000000000001721c      0xced ./Drivers/STM32L4xx_HAL_Driver/Src/stm32l4xx_hal_rcc.o
 .debug_info    0x0000000000017f09      0xe92 ./Drivers/STM32L4xx_HAL_Driver/Src/stm32l4xx_hal_rcc_ex.o
 .debug_info    0x0000000000018d9b      0xea7 ./Drivers/STM32L4xx_HAL_Driver/Src/stm32l4xx_hal_rtc.o
 .debug_info    0x0000000000019c42     0x1280 ./Drivers/STM32L4xx_HAL_Driver/Src/stm32l4xx_hal_sai.o
 .debug_info    0x000000000001aec2     0x3d03 ./Drivers/STM32L4xx_HAL_Driver/Src/stm32l4xx_hal_uart.o

.debug_abbrev   0x0000000000000000     0x37ad
 .debug_abbrev  0x0000000000000000      0x365 ./Core/Src/main.o
 .debug_abbrev  0x0000000000000365      0x233 ./Core/Src/stm32l4xx_hal_msp.o
 .debug_abbrev  0x0000000000000598      0x189 ./Core/Src/stm32l4xx_it.o
 .debug_abbrev  0x0000000000000721      0x116 ./Core/Src/system_stm32l4xx.o
 .debug_abbrev  0x0000000000000837       0x12 ./Core/Startup/startup_stm32l476vgtx.o
 .debug_abbrev  0x0000000000000849      0x2f1 ./Drivers/BSP/STM32L476G-Discovery/stm32l476g_discovery_audio.o
 .debug_abbrev  0x0000000000000b3a      0x252 ./Drivers/BSP/STM32L476G-Discovery/stm32l476g_discovery_glass_lcd.o
 .debug_abbrev  0x0000000000000d8c      0x307 ./Drivers/BSP/STM32L476G-Discovery/stm32l476g_discovery_qspi.o
 .debug_abbrev  0x0000000000001093      0x23a ./Drivers/STM32L4xx_HAL_Driver/Src/stm32l4xx_hal.o
 .debug_abbrev  0x00000000000012cd      0x2bf ./Drivers/STM32L4xx_HAL_Driver/Src/stm32l4xx_hal_adc.o
 .debug_abbrev  0x000000000000158c      0x2da ./Drivers/STM32L4xx_HAL_Driver/Src/stm32l4xx_hal_adc_ex.o
 .debug_abbrev  0x0000000000001866      0x316 ./Drivers/STM32L4xx_HAL_Driver/Src/stm32l4xx_hal_cortex.o
 .debug_abbrev  0x0000000000001b7c      0x26d ./Drivers/STM32L4xx_HAL_Driver/Src/stm32l4xx_hal_dfsdm.o
 .debug_abbrev  0x0000000000001de9      0x1d7 ./Drivers/STM32L4xx_HAL_Driver/Src/stm32l4xx_hal_dma.o
 .debug_abbrev  0x0000000000001fc0      0x1bb ./Drivers/STM32L4xx_HAL_Driver/Src/stm32l4xx_hal_gpio.o
 .debug_abbrev  0x000000000000217b      0x243 ./Drivers/STM32L4xx_HAL_Driver/Src/stm32l4xx_hal_i2c.o
 .debug_abbrev  0x00000000000023be      0x1b0 ./Drivers/STM32L4xx_HAL_Driver/Src/stm32l4xx_hal_i2c_ex.o
 .debug_abbrev  0x000000000000256e      0x1b0 ./Drivers/STM32L4xx_HAL_Driver/Src/stm32l4xx_hal_lcd.o
 .debug_abbrev  0x000000000000271e      0x1f3 ./Drivers/STM32L4xx_HAL_Driver/Src/stm32l4xx_hal_pwr_ex.o
 .debug_abbrev  0x0000000000002911      0x238 ./Drivers/STM32L4xx_HAL_Driver/Src/stm32l4xx_hal_qspi.o
 .debug_abbrev  0x0000000000002b49      0x2bd ./Drivers/STM32L4xx_HAL_Driver/Src/stm32l4xx_hal_rcc.o
 .debug_abbrev  0x0000000000002e06      0x299 ./Drivers/STM32L4xx_HAL_Driver/Src/stm32l4xx_hal_rcc_ex.o
 .debug_abbrev  0x000000000000309f      0x1f2 ./Drivers/STM32L4xx_HAL_Driver/Src/stm32l4xx_hal_rtc.o
 .debug_abbrev  0x0000000000003291      0x260 ./Drivers/STM32L4xx_HAL_Driver/Src/stm32l4xx_hal_sai.o
 .debug_abbrev  0x00000000000034f1      0x2bc ./Drivers/STM32L4xx_HAL_Driver/Src/stm32l4xx_hal_uart.o

.debug_aranges  0x0000000000000000     0x1990
 .debug_aranges
                0x0000000000000000       0xb0 ./Core/Src/main.o
 .debug_aranges
                0x00000000000000b0       0x80 ./Core/Src/stm32l4xx_hal_msp.o
 .debug_aranges
                0x0000000000000130       0x78 ./Core/Src/stm32l4xx_it.o
 .debug_aranges
                0x00000000000001a8       0x28 ./Core/Src/system_stm32l4xx.o
 .debug_aranges
                0x00000000000001d0       0x28 ./Core/Startup/startup_stm32l476vgtx.o
 .debug_aranges
                0x00000000000001f8      0x150 ./Drivers/BSP/STM32L476G-Discovery/stm32l476g_discovery_audio.o
 .debug_aranges
                0x0000000000000348       0x98 ./Drivers/BSP/STM32L476G-Discovery/stm32l476g_discovery_glass_lcd.o
 .debug_aranges
                0x00000000000003e0       0xa8 ./Drivers/BSP/STM32L476G-Discovery/stm32l476g_discovery_qspi.o
 .debug_aranges
                0x0000000000000488      0x130 ./Drivers/STM32L4xx_HAL_Driver/Src/stm32l4xx_hal.o
 .debug_aranges
                0x00000000000005b8      0x220 ./Drivers/STM32L4xx_HAL_Driver/Src/stm32l4xx_hal_adc.o
 .debug_aranges
                0x00000000000007d8      0x1a8 ./Drivers/STM32L4xx_HAL_Driver/Src/stm32l4xx_hal_adc_ex.o
 .debug_aranges
                0x0000000000000980      0x118 ./Drivers/STM32L4xx_HAL_Driver/Src/stm32l4xx_hal_cortex.o
 .debug_aranges
                0x0000000000000a98      0x248 ./Drivers/STM32L4xx_HAL_Driver/Src/stm32l4xx_hal_dfsdm.o
 .debug_aranges
                0x0000000000000ce0       0x80 ./Drivers/STM32L4xx_HAL_Driver/Src/stm32l4xx_hal_dma.o
 .debug_aranges
                0x0000000000000d60       0x58 ./Drivers/STM32L4xx_HAL_Driver/Src/stm32l4xx_hal_gpio.o
 .debug_aranges
                0x0000000000000db8      0x290 ./Drivers/STM32L4xx_HAL_Driver/Src/stm32l4xx_hal_i2c.o
 .debug_aranges
                0x0000000000001048       0x48 ./Drivers/STM32L4xx_HAL_Driver/Src/stm32l4xx_hal_i2c_ex.o
 .debug_aranges
                0x0000000000001090       0x68 ./Drivers/STM32L4xx_HAL_Driver/Src/stm32l4xx_hal_lcd.o
 .debug_aranges
                0x00000000000010f8      0x160 ./Drivers/STM32L4xx_HAL_Driver/Src/stm32l4xx_hal_pwr_ex.o
 .debug_aranges
                0x0000000000001258      0x160 ./Drivers/STM32L4xx_HAL_Driver/Src/stm32l4xx_hal_qspi.o
 .debug_aranges
                0x00000000000013b8       0x90 ./Drivers/STM32L4xx_HAL_Driver/Src/stm32l4xx_hal_rcc.o
 .debug_aranges
                0x0000000000001448       0xc0 ./Drivers/STM32L4xx_HAL_Driver/Src/stm32l4xx_hal_rcc_ex.o
 .debug_aranges
                0x0000000000001508       0xe8 ./Drivers/STM32L4xx_HAL_Driver/Src/stm32l4xx_hal_rtc.o
 .debug_aranges
                0x00000000000015f0      0x178 ./Drivers/STM32L4xx_HAL_Driver/Src/stm32l4xx_hal_sai.o
 .debug_aranges
                0x0000000000001768      0x228 ./Drivers/STM32L4xx_HAL_Driver/Src/stm32l4xx_hal_uart.o

.debug_ranges   0x0000000000000000     0x1850
 .debug_ranges  0x0000000000000000       0xa0 ./Core/Src/main.o
 .debug_ranges  0x00000000000000a0       0x70 ./Core/Src/stm32l4xx_hal_msp.o
 .debug_ranges  0x0000000000000110       0x68 ./Core/Src/stm32l4xx_it.o
 .debug_ranges  0x0000000000000178       0x18 ./Core/Src/system_stm32l4xx.o
 .debug_ranges  0x0000000000000190       0x20 ./Core/Startup/startup_stm32l476vgtx.o
 .debug_ranges  0x00000000000001b0      0x140 ./Drivers/BSP/STM32L476G-Discovery/stm32l476g_discovery_audio.o
 .debug_ranges  0x00000000000002f0       0x88 ./Drivers/BSP/STM32L476G-Discovery/stm32l476g_discovery_glass_lcd.o
 .debug_ranges  0x0000000000000378       0x98 ./Drivers/BSP/STM32L476G-Discovery/stm32l476g_discovery_qspi.o
 .debug_ranges  0x0000000000000410      0x120 ./Drivers/STM32L4xx_HAL_Driver/Src/stm32l4xx_hal.o
 .debug_ranges  0x0000000000000530      0x210 ./Drivers/STM32L4xx_HAL_Driver/Src/stm32l4xx_hal_adc.o
 .debug_ranges  0x0000000000000740      0x198 ./Drivers/STM32L4xx_HAL_Driver/Src/stm32l4xx_hal_adc_ex.o
 .debug_ranges  0x00000000000008d8      0x108 ./Drivers/STM32L4xx_HAL_Driver/Src/stm32l4xx_hal_cortex.o
 .debug_ranges  0x00000000000009e0      0x238 ./Drivers/STM32L4xx_HAL_Driver/Src/stm32l4xx_hal_dfsdm.o
 .debug_ranges  0x0000000000000c18       0x70 ./Drivers/STM32L4xx_HAL_Driver/Src/stm32l4xx_hal_dma.o
 .debug_ranges  0x0000000000000c88       0x48 ./Drivers/STM32L4xx_HAL_Driver/Src/stm32l4xx_hal_gpio.o
 .debug_ranges  0x0000000000000cd0      0x280 ./Drivers/STM32L4xx_HAL_Driver/Src/stm32l4xx_hal_i2c.o
 .debug_ranges  0x0000000000000f50       0x38 ./Drivers/STM32L4xx_HAL_Driver/Src/stm32l4xx_hal_i2c_ex.o
 .debug_ranges  0x0000000000000f88       0x58 ./Drivers/STM32L4xx_HAL_Driver/Src/stm32l4xx_hal_lcd.o
 .debug_ranges  0x0000000000000fe0      0x150 ./Drivers/STM32L4xx_HAL_Driver/Src/stm32l4xx_hal_pwr_ex.o
 .debug_ranges  0x0000000000001130      0x150 ./Drivers/STM32L4xx_HAL_Driver/Src/stm32l4xx_hal_qspi.o
 .debug_ranges  0x0000000000001280       0x80 ./Drivers/STM32L4xx_HAL_Driver/Src/stm32l4xx_hal_rcc.o
 .debug_ranges  0x0000000000001300       0xb0 ./Drivers/STM32L4xx_HAL_Driver/Src/stm32l4xx_hal_rcc_ex.o
 .debug_ranges  0x00000000000013b0       0xd8 ./Drivers/STM32L4xx_HAL_Driver/Src/stm32l4xx_hal_rtc.o
 .debug_ranges  0x0000000000001488      0x180 ./Drivers/STM32L4xx_HAL_Driver/Src/stm32l4xx_hal_sai.o
 .debug_ranges  0x0000000000001608      0x248 ./Drivers/STM32L4xx_HAL_Driver/Src/stm32l4xx_hal_uart.o

.debug_macro    0x0000000000000000    0x2bde8
 .debug_macro   0x0000000000000000      0x323 ./Core/Src/main.o
 .debug_macro   0x0000000000000323      0xa78 ./Core/Src/main.o
 .debug_macro   0x0000000000000d9b      0x1cb ./Core/Src/main.o
 .debug_macro   0x0000000000000f66       0x2e ./Core/Src/main.o
 .debug_macro   0x0000000000000f94       0x28 ./Core/Src/main.o
 .debug_macro   0x0000000000000fbc       0x22 ./Core/Src/main.o
 .debug_macro   0x0000000000000fde       0x8e ./Core/Src/main.o
 .debug_macro   0x000000000000106c       0x51 ./Core/Src/main.o
 .debug_macro   0x00000000000010bd      0x103 ./Core/Src/main.o
 .debug_macro   0x00000000000011c0       0x6a ./Core/Src/main.o
 .debug_macro   0x000000000000122a      0x1df ./Core/Src/main.o
 .debug_macro   0x0000000000001409       0x1c ./Core/Src/main.o
 .debug_macro   0x0000000000001425       0x22 ./Core/Src/main.o
 .debug_macro   0x0000000000001447       0xfb ./Core/Src/main.o
 .debug_macro   0x0000000000001542     0x1011 ./Core/Src/main.o
 .debug_macro   0x0000000000002553      0x11f ./Core/Src/main.o
 .debug_macro   0x0000000000002672    0x1a17a ./Core/Src/main.o
 .debug_macro   0x000000000001c7ec       0x6d ./Core/Src/main.o
 .debug_macro   0x000000000001c859     0x38e2 ./Core/Src/main.o
 .debug_macro   0x000000000002013b      0x174 ./Core/Src/main.o
 .debug_macro   0x00000000000202af       0x5c ./Core/Src/main.o
 .debug_macro   0x000000000002030b     0x159e ./Core/Src/main.o
 .debug_macro   0x00000000000218a9      0x5a5 ./Core/Src/main.o
 .debug_macro   0x0000000000021e4e      0x1b9 ./Core/Src/main.o
 .debug_macro   0x0000000000022007      0x18b ./Core/Src/main.o
 .debug_macro   0x0000000000022192      0x26b ./Core/Src/main.o
 .debug_macro   0x00000000000223fd      0x29c ./Core/Src/main.o
 .debug_macro   0x0000000000022699      0x23d ./Core/Src/main.o
 .debug_macro   0x00000000000228d6      0xf83 ./Core/Src/main.o
 .debug_macro   0x0000000000023859      0x632 ./Core/Src/main.o
 .debug_macro   0x0000000000023e8b      0x30c ./Core/Src/main.o
 .debug_macro   0x0000000000024197      0x241 ./Core/Src/main.o
 .debug_macro   0x00000000000243d8      0x37c ./Core/Src/main.o
 .debug_macro   0x0000000000024754       0xd6 ./Core/Src/main.o
 .debug_macro   0x000000000002482a      0x22c ./Core/Src/main.o
 .debug_macro   0x0000000000024a56       0x61 ./Core/Src/main.o
 .debug_macro   0x0000000000024ab7       0xa5 ./Core/Src/main.o
 .debug_macro   0x0000000000024b5c      0x3df ./Core/Src/main.o
 .debug_macro   0x0000000000024f3b      0x122 ./Core/Src/main.o
 .debug_macro   0x000000000002505d      0x3ef ./Core/Src/main.o
 .debug_macro   0x000000000002544c      0x2a3 ./Core/Src/main.o
 .debug_macro   0x00000000000256ef      0x31a ./Core/Src/main.o
 .debug_macro   0x0000000000025a09      0x4fb ./Core/Src/main.o
 .debug_macro   0x0000000000025f04       0xe4 ./Core/Src/main.o
 .debug_macro   0x0000000000025fe8      0x447 ./Core/Src/main.o
 .debug_macro   0x000000000002642f      0x5ba ./Core/Src/main.o
 .debug_macro   0x00000000000269e9       0x44 ./Core/Src/main.o
 .debug_macro   0x0000000000026a2d      0x330 ./Core/Src/main.o
 .debug_macro   0x0000000000026d5d      0x26e ./Core/Src/main.o
 .debug_macro   0x0000000000026fcb      0x3ed ./Core/Src/main.o
 .debug_macro   0x00000000000273b8      0x7b7 ./Core/Src/main.o
 .debug_macro   0x0000000000027b6f      0x1e3 ./Core/Src/main.o
 .debug_macro   0x0000000000027d52       0x22 ./Core/Src/main.o
 .debug_macro   0x0000000000027d74       0x52 ./Core/Src/main.o
 .debug_macro   0x0000000000027dc6       0x1e ./Core/Src/main.o
 .debug_macro   0x0000000000027de4       0x3c ./Core/Src/main.o
 .debug_macro   0x0000000000027e20       0x34 ./Core/Src/main.o
 .debug_macro   0x0000000000027e54       0x16 ./Core/Src/main.o
 .debug_macro   0x0000000000027e6a       0x43 ./Core/Src/main.o
 .debug_macro   0x0000000000027ead       0x34 ./Core/Src/main.o
 .debug_macro   0x0000000000027ee1       0x10 ./Core/Src/main.o
 .debug_macro   0x0000000000027ef1       0x58 ./Core/Src/main.o
 .debug_macro   0x0000000000027f49       0x71 ./Core/Src/main.o
 .debug_macro   0x0000000000027fba       0x1c ./Core/Src/main.o
 .debug_macro   0x0000000000027fd6      0x12a ./Core/Src/main.o
 .debug_macro   0x0000000000028100      0x341 ./Core/Src/main.o
 .debug_macro   0x0000000000028441      0x19b ./Core/Src/main.o
 .debug_macro   0x00000000000285dc      0x238 ./Core/Src/stm32l4xx_hal_msp.o
 .debug_macro   0x0000000000028814      0x242 ./Core/Src/stm32l4xx_it.o
 .debug_macro   0x0000000000028a56      0x229 ./Core/Src/system_stm32l4xx.o
 .debug_macro   0x0000000000028c7f      0x38a ./Drivers/BSP/STM32L476G-Discovery/stm32l476g_discovery_audio.o
 .debug_macro   0x0000000000029009       0x10 ./Drivers/BSP/STM32L476G-Discovery/stm32l476g_discovery_audio.o
 .debug_macro   0x0000000000029019       0x20 ./Drivers/BSP/STM32L476G-Discovery/stm32l476g_discovery_audio.o
 .debug_macro   0x0000000000029039       0x56 ./Drivers/BSP/STM32L476G-Discovery/stm32l476g_discovery_audio.o
 .debug_macro   0x000000000002908f      0x18c ./Drivers/BSP/STM32L476G-Discovery/stm32l476g_discovery_audio.o
 .debug_macro   0x000000000002921b      0x264 ./Drivers/BSP/STM32L476G-Discovery/stm32l476g_discovery_glass_lcd.o
 .debug_macro   0x000000000002947f      0x241 ./Drivers/BSP/STM32L476G-Discovery/stm32l476g_discovery_qspi.o
 .debug_macro   0x00000000000296c0      0x277 ./Drivers/STM32L4xx_HAL_Driver/Src/stm32l4xx_hal.o
 .debug_macro   0x0000000000029937      0x246 ./Drivers/STM32L4xx_HAL_Driver/Src/stm32l4xx_hal_adc.o
 .debug_macro   0x0000000000029b7d      0x235 ./Drivers/STM32L4xx_HAL_Driver/Src/stm32l4xx_hal_adc_ex.o
 .debug_macro   0x0000000000029db2      0x229 ./Drivers/STM32L4xx_HAL_Driver/Src/stm32l4xx_hal_cortex.o
 .debug_macro   0x0000000000029fdb      0x24d ./Drivers/STM32L4xx_HAL_Driver/Src/stm32l4xx_hal_dfsdm.o
 .debug_macro   0x000000000002a228      0x229 ./Drivers/STM32L4xx_HAL_Driver/Src/stm32l4xx_hal_dma.o
 .debug_macro   0x000000000002a451      0x230 ./Drivers/STM32L4xx_HAL_Driver/Src/stm32l4xx_hal_gpio.o
 .debug_macro   0x000000000002a681      0x2f5 ./Drivers/STM32L4xx_HAL_Driver/Src/stm32l4xx_hal_i2c.o
 .debug_macro   0x000000000002a976      0x229 ./Drivers/STM32L4xx_HAL_Driver/Src/stm32l4xx_hal_i2c_ex.o
 .debug_macro   0x000000000002ab9f      0x22f ./Drivers/STM32L4xx_HAL_Driver/Src/stm32l4xx_hal_lcd.o
 .debug_macro   0x000000000002adce      0x24d ./Drivers/STM32L4xx_HAL_Driver/Src/stm32l4xx_hal_pwr_ex.o
 .debug_macro   0x000000000002b01b      0x24d ./Drivers/STM32L4xx_HAL_Driver/Src/stm32l4xx_hal_qspi.o
 .debug_macro   0x000000000002b268      0x26b ./Drivers/STM32L4xx_HAL_Driver/Src/stm32l4xx_hal_rcc.o
 .debug_macro   0x000000000002b4d3      0x25f ./Drivers/STM32L4xx_HAL_Driver/Src/stm32l4xx_hal_rcc_ex.o
 .debug_macro   0x000000000002b732      0x22a ./Drivers/STM32L4xx_HAL_Driver/Src/stm32l4xx_hal_rtc.o
 .debug_macro   0x000000000002b95c      0x238 ./Drivers/STM32L4xx_HAL_Driver/Src/stm32l4xx_hal_sai.o
 .debug_macro   0x000000000002bb94      0x254 ./Drivers/STM32L4xx_HAL_Driver/Src/stm32l4xx_hal_uart.o

.debug_line     0x0000000000000000    0x1d745
 .debug_line    0x0000000000000000      0xed0 ./Core/Src/main.o
 .debug_line    0x0000000000000ed0      0x9fe ./Core/Src/stm32l4xx_hal_msp.o
 .debug_line    0x00000000000018ce      0x8c6 ./Core/Src/stm32l4xx_it.o
 .debug_line    0x0000000000002194      0x853 ./Core/Src/system_stm32l4xx.o
 .debug_line    0x00000000000029e7       0x88 ./Core/Startup/startup_stm32l476vgtx.o
 .debug_line    0x0000000000002a6f     0x1427 ./Drivers/BSP/STM32L476G-Discovery/stm32l476g_discovery_audio.o
 .debug_line    0x0000000000003e96     0x10c7 ./Drivers/BSP/STM32L476G-Discovery/stm32l476g_discovery_glass_lcd.o
 .debug_line    0x0000000000004f5d      0xd15 ./Drivers/BSP/STM32L476G-Discovery/stm32l476g_discovery_qspi.o
 .debug_line    0x0000000000005c72      0xbac ./Drivers/STM32L4xx_HAL_Driver/Src/stm32l4xx_hal.o
 .debug_line    0x000000000000681e     0x1ef7 ./Drivers/STM32L4xx_HAL_Driver/Src/stm32l4xx_hal_adc.o
 .debug_line    0x0000000000008715     0x192d ./Drivers/STM32L4xx_HAL_Driver/Src/stm32l4xx_hal_adc_ex.o
 .debug_line    0x000000000000a042      0xd52 ./Drivers/STM32L4xx_HAL_Driver/Src/stm32l4xx_hal_cortex.o
 .debug_line    0x000000000000ad94     0x1f23 ./Drivers/STM32L4xx_HAL_Driver/Src/stm32l4xx_hal_dfsdm.o
 .debug_line    0x000000000000ccb7      0xd8a ./Drivers/STM32L4xx_HAL_Driver/Src/stm32l4xx_hal_dma.o
 .debug_line    0x000000000000da41      0xc1f ./Drivers/STM32L4xx_HAL_Driver/Src/stm32l4xx_hal_gpio.o
 .debug_line    0x000000000000e660     0x3443 ./Drivers/STM32L4xx_HAL_Driver/Src/stm32l4xx_hal_i2c.o
 .debug_line    0x0000000000011aa3      0x9d9 ./Drivers/STM32L4xx_HAL_Driver/Src/stm32l4xx_hal_i2c_ex.o
 .debug_line    0x000000000001247c      0xa67 ./Drivers/STM32L4xx_HAL_Driver/Src/stm32l4xx_hal_lcd.o
 .debug_line    0x0000000000012ee3      0xda3 ./Drivers/STM32L4xx_HAL_Driver/Src/stm32l4xx_hal_pwr_ex.o
 .debug_line    0x0000000000013c86     0x149c ./Drivers/STM32L4xx_HAL_Driver/Src/stm32l4xx_hal_qspi.o
 .debug_line    0x0000000000015122     0x1012 ./Drivers/STM32L4xx_HAL_Driver/Src/stm32l4xx_hal_rcc.o
 .debug_line    0x0000000000016134     0x1564 ./Drivers/STM32L4xx_HAL_Driver/Src/stm32l4xx_hal_rcc_ex.o
 .debug_line    0x0000000000017698     0x11bf ./Drivers/STM32L4xx_HAL_Driver/Src/stm32l4xx_hal_rtc.o
 .debug_line    0x0000000000018857     0x1bc5 ./Drivers/STM32L4xx_HAL_Driver/Src/stm32l4xx_hal_sai.o
 .debug_line    0x000000000001a41c     0x3329 ./Drivers/STM32L4xx_HAL_Driver/Src/stm32l4xx_hal_uart.o

.debug_str      0x0000000000000000   0x11501b
 .debug_str     0x0000000000000000   0x10cc18 ./Core/Src/main.o
                                     0x10d4f4 (size before relaxing)
 .debug_str     0x000000000010cc18      0x12b ./Core/Src/stm32l4xx_hal_msp.o
                                     0x1046fc (size before relaxing)
 .debug_str     0x000000000010cd43      0x112 ./Core/Src/stm32l4xx_it.o