../Drivers/BSP/STM32L476G-Discovery/stm32l476g_discovery_audio.c:283:9:BSP_AUDIO_OUT_Init	24	static
../Drivers/BSP/STM32L476G-Discovery/stm32l476g_discovery_audio.c:335:9:BSP_AUDIO_OUT_DeInit	8	static
../Drivers/BSP/STM32L476G-Discovery/stm32l476g_discovery_audio.c:355:9:BSP_AUDIO_OUT_Play	16	static
../Drivers/BSP/STM32L476G-Discovery/stm32l476g_discovery_audio.c:378:9:BSP_AUDIO_OUT_ChangeBuffer	16	static
../Drivers/BSP/STM32L476G-Discovery/stm32l476g_discovery_audio.c:398:9:BSP_AUDIO_OUT_Pause	8	static
../Drivers/BSP/STM32L476G-Discovery/stm32l476g_discovery_audio.c:423:9:BSP_AUDIO_OUT_Resume	8	static
../Drivers/BSP/STM32L476G-Discovery/stm32l476g_discovery_audio.c:449:9:BSP_AUDIO_OUT_Stop	16	static
../Drivers/BSP/STM32L476G-Discovery/stm32l476g_discovery_audio.c:478:9:BSP_AUDIO_OUT_SetVolume	16	static
../Drivers/BSP/STM32L476G-Discovery/stm32l476g_discovery_audio.c:495:9:BSP_AUDIO_OUT_SetMute	16	static
../Drivers/BSP/STM32L476G-Discovery/stm32l476g_discovery_audio.c:513:9:BSP_AUDIO_OUT_SetOutputMode	16	static
../Drivers/BSP/STM32L476G-Discovery/stm32l476g_discovery_audio.c:532:9:BSP_AUDIO_OUT_SetFrequency	16	static
../Drivers/BSP/STM32L476G-Discovery/stm32l476g_discovery_audio.c:561:6:BSP_AUDIO_OUT_ChangeAudioConfig	16	static
../Drivers/BSP/STM32L476G-Discovery/stm32l476g_discovery_audio.c:621:6:BSP_AUDIO_OUT_RegisterCallbacks	24	static
../Drivers/BSP/STM32L476G-Discovery/stm32l476g_discovery_audio.c:635:6:HAL_SAI_TxCpltCallback	16	static
../Drivers/BSP/STM32L476G-Discovery/stm32l476g_discovery_audio.c:649:6:HAL_SAI_TxHalfCpltCallback	16	static
../Drivers/BSP/STM32L476G-Discovery/stm32l476g_discovery_audio.c:663:6:HAL_SAI_ErrorCallback	16	static
../Drivers/BSP/STM32L476G-Discovery/stm32l476g_discovery_audio.c:689:9:BSP_AUDIO_IN_Init	24	static
../Drivers/BSP/STM32L476G-Discovery/stm32l476g_discovery_audio.c:719:9:BSP_AUDIO_IN_DeInit	8	static
../Drivers/BSP/STM32L476G-Discovery/stm32l476g_discovery_audio.c:740:9:BSP_AUDIO_IN_Record	16	static
../Drivers/BSP/STM32L476G-Discovery/stm32l476g_discovery_audio.c:774:9:BSP_AUDIO_IN_SetFrequency	16	static
../Drivers/BSP/STM32L476G-Discovery/stm32l476g_discovery_audio.c:804:6:HAL_DFSDM_FilterRegConvCpltCallback	24	static
../Drivers/BSP/STM32L476G-Discovery/stm32l476g_discovery_audio.c:826:6:HAL_DFSDM_FilterRegConvHalfCpltCallback	24	static
../Drivers/BSP/STM32L476G-Discovery/stm32l476g_discovery_audio.c:849:6:HAL_DFSDM_FilterErrorCallback	16	static
../Drivers/BSP/STM32L476G-Discovery/stm32l476g_discovery_audio.c:862:9:BSP_AUDIO_IN_Stop	8	static
../Drivers/BSP/STM32L476G-Discovery/stm32l476g_discovery_audio.c:884:9:BSP_AUDIO_IN_Pause	8	static
../Drivers/BSP/STM32L476G-Discovery/stm32l476g_discovery_audio.c:899:9:BSP_AUDIO_IN_Resume	8	static
../Drivers/BSP/STM32L476G-Discovery/stm32l476g_discovery_audio.c:919:6:BSP_AUDIO_IN_RegisterCallbacks	24	static
../Drivers/BSP/STM32L476G-Discovery/stm32l476g_discovery_audio.c:942:16:AUDIO_SAIx_Init	16	static
../Drivers/BSP/STM32L476G-Discovery/stm32l476g_discovery_audio.c:1008:16:AUDIO_SAIx_DeInit	8	static
../Drivers/BSP/STM32L476G-Discovery/stm32l476g_discovery_audio.c:1033:6:HAL_SAI_MspInit	48	static
../Drivers/BSP/STM32L476G-Discovery/stm32l476g_discovery_audio.c:1088:6:HAL_SAI_MspDeInit	16	static
../Drivers/BSP/STM32L476G-Discovery/stm32l476g_discovery_audio.c:1115:13:AUDIO_CODEC_Reset	8	static
../Drivers/BSP/STM32L476G-Discovery/stm32l476g_discovery_audio.c:1136:16:AUDIO_DFSDMx_Init	16	static
../Drivers/BSP/STM32L476G-Discovery/stm32l476g_discovery_audio.c:1199:16:AUDIO_DFSDMx_DeInit	8	static
../Drivers/BSP/STM32L476G-Discovery/stm32l476g_discovery_audio.c:1234:6:HAL_DFSDM_ChannelMspInit	48	static
../Drivers/BSP/STM32L476G-Discovery/stm32l476g_discovery_audio.c:1258:6:HAL_DFSDM_ChannelMspDeInit	40	static
../Drivers/BSP/STM32L476G-Discovery/stm32l476g_discovery_audio.c:1283:6:HAL_DFSDM_FilterMspInit	24	static
../Drivers/BSP/STM32L476G-Discovery/stm32l476g_discovery_audio.c:1322:6:HAL_DFSDM_FilterMspDeInit	16	static
../Drivers/BSP/STM32L476G-Discovery/stm32l476g_discovery_audio.c:1342:16:AUDIO_SAIPLLConfig	152	static
