../Drivers/BSP/STM32L476G-Discovery/stm32l476g_discovery_audio.c:254:9:BSP_AUDIO_OUT_Init	24	static
../Drivers/BSP/STM32L476G-Discovery/stm32l476g_discovery_audio.c:306:9:BSP_AUDIO_OUT_DeInit	8	static
../Drivers/BSP/STM32L476G-Discovery/stm32l476g_discovery_audio.c:326:9:BSP_AUDIO_OUT_Play	16	static
../Drivers/BSP/STM32L476G-Discovery/stm32l476g_discovery_audio.c:351:9:BSP_AUDIO_OUT_ChangeBuffer	16	static
../Drivers/BSP/STM32L476G-Discovery/stm32l476g_discovery_audio.c:373:9:BSP_AUDIO_OUT_Pause	8	static
../Drivers/BSP/STM32L476G-Discovery/stm32l476g_discovery_audio.c:398:9:BSP_AUDIO_OUT_Resume	8	static
../Drivers/BSP/STM32L476G-Discovery/stm32l476g_discovery_audio.c:424:9:BSP_AUDIO_OUT_Stop	16	static
../Drivers/BSP/STM32L476G-Discovery/stm32l476g_discovery_audio.c:453:9:BSP_AUDIO_OUT_SetVolume	16	static
../Drivers/BSP/STM32L476G-Discovery/stm32l476g_discovery_audio.c:470:9:BSP_AUDIO_OUT_SetMute	16	static
../Drivers/BSP/STM32L476G-Discovery/stm32l476g_discovery_audio.c:488:9:BSP_AUDIO_OUT_SetOutputMode	16	static
../Drivers/BSP/STM32L476G-Discovery/stm32l476g_discovery_audio.c:507:9:BSP_AUDIO_OUT_SetFrequency	16	static
../Drivers/BSP/STM32L476G-Discovery/stm32l476g_discovery_audio.c:536:6:BSP_AUDIO_OUT_ChangeAudioConfig	16	static
../Drivers/BSP/STM32L476G-Discovery/stm32l476g_discovery_audio.c:596:6:BSP_AUDIO_OUT_RegisterCallbacks	24	static
../Drivers/BSP/STM32L476G-Discovery/stm32l476g_discovery_audio.c:610:6:HAL_SAI_TxCpltCallback	16	static
../Drivers/BSP/STM32L476G-Discovery/stm32l476g_discovery_audio.c:624:6:HAL_SAI_TxHalfCpltCallback	16	static
../Drivers/BSP/STM32L476G-Discovery/stm32l476g_discovery_audio.c:638:6:HAL_SAI_ErrorCallback	16	static
../Drivers/BSP/STM32L476G-Discovery/stm32l476g_discovery_audio.c:663:16:AUDIO_SAIx_Init	16	static
../Drivers/BSP/STM32L476G-Discovery/stm32l476g_discovery_audio.c:729:16:AUDIO_SAIx_DeInit	8	static
../Drivers/BSP/STM32L476G-Discovery/stm32l476g_discovery_audio.c:756:13:AUDIO_CODEC_Reset	8	static
../Drivers/BSP/STM32L476G-Discovery/stm32l476g_discovery_audio.c:791:16:AUDIO_SAIPLLConfig	152	static
