../Drivers/BSP/STM32L476G-Discovery/stm32l476g_discovery_audio.c:287:9:BSP_AUDIO_OUT_Init	24	static
../Drivers/BSP/STM32L476G-Discovery/stm32l476g_discovery_audio.c:339:9:BSP_AUDIO_OUT_DeInit	8	static
../Drivers/BSP/STM32L476G-Discovery/stm32l476g_discovery_audio.c:359:9:BSP_AUDIO_OUT_Play	16	static
../Drivers/BSP/STM32L476G-Discovery/stm32l476g_discovery_audio.c:384:9:BSP_AUDIO_OUT_ChangeBuffer	16	static
../Drivers/BSP/STM32L476G-Discovery/stm32l476g_discovery_audio.c:406:9:BSP_AUDIO_OUT_Pause	8	static
../Drivers/BSP/STM32L476G-Discovery/stm32l476g_discovery_audio.c:431:9:BSP_AUDIO_OUT_Resume	8	static
../Drivers/BSP/STM32L476G-Discovery/stm32l476g_discovery_audio.c:457:9:BSP_AUDIO_OUT_Stop	16	static
../Drivers/BSP/STM32L476G-Discovery/stm32l476g_discovery_audio.c:486:9:BSP_AUDIO_OUT_SetVolume	16	static
../Drivers/BSP/STM32L476G-Discovery/stm32l476g_discovery_audio.c:503:9:BSP_AUDIO_OUT_SetMute	16	static
../Drivers/BSP/STM32L476G-Discovery/stm32l476g_discovery_audio.c:521:9:BSP_AUDIO_OUT_SetOutputMode	16	static
../Drivers/BSP/STM32L476G-Discovery/stm32l476g_discovery_audio.c:540:9:BSP_AUDIO_OUT_SetFrequency	16	static
../Drivers/BSP/STM32L476G-Discovery/stm32l476g_discovery_audio.c:569:6:BSP_AUDIO_OUT_ChangeAudioConfig	16	static
../Drivers/BSP/STM32L476G-Discovery/stm32l476g_discovery_audio.c:629:6:BSP_AUDIO_OUT_RegisterCallbacks	24	static
../Drivers/BSP/STM32L476G-Discovery/stm32l476g_discovery_audio.c:643:6:HAL_SAI_TxCpltCallback	16	static
../Drivers/BSP/STM32L476G-Discovery/stm32l476g_discovery_audio.c:657:6:HAL_SAI_TxHalfCpltCallback	16	static
../Drivers/BSP/STM32L476G-Discovery/stm32l476g_discovery_audio.c:671:6:HAL_SAI_ErrorCallback	16	static
../Drivers/BSP/STM32L476G-Discovery/stm32l476g_discovery_audio.c:697:9:BSP_AUDIO_IN_Init	24	static
../Drivers/BSP/STM32L476G-Discovery/stm32l476g_discovery_audio.c:727:9:BSP_AUDIO_IN_DeInit	8	static
../Drivers/BSP/STM32L476G-Discovery/stm32l476g_discovery_audio.c:748:9:BSP_AUDIO_IN_Record	16	static
../Drivers/BSP/STM32L476G-Discovery/stm32l476g_discovery_audio.c:782:9:BSP_AUDIO_IN_SetFrequency	16	static
../Drivers/BSP/STM32L476G-Discovery/stm32l476g_discovery_audio.c:812:6:HAL_DFSDM_FilterRegConvCpltCallback	24	static
../Drivers/BSP/STM32L476G-Discovery/stm32l476g_discovery_audio.c:834:6:HAL_DFSDM_FilterRegConvHalfCpltCallback	24	static
../Drivers/BSP/STM32L476G-Discovery/stm32l476g_discovery_audio.c:857:6:HAL_DFSDM_FilterErrorCallback	16	static
../Drivers/BSP/STM32L476G-Discovery/stm32l476g_discovery_audio.c:870:9:BSP_AUDIO_IN_Stop	8	static
../Drivers/BSP/STM32L476G-Discovery/stm32l476g_discovery_audio.c:892:9:BSP_AUDIO_IN_Pause	8	static
../Drivers/BSP/STM32L476G-Discovery/stm32l476g_discovery_audio.c:907:9:BSP_AUDIO_IN_Resume	8	static
../Drivers/BSP/STM32L476G-Discovery/stm32l476g_discovery_audio.c:927:6:BSP_AUDIO_IN_RegisterCallbacks	24	static
../Drivers/BSP/STM32L476G-Discovery/stm32l476g_discovery_audio.c:950:16:AUDIO_SAIx_Init	16	static
../Drivers/BSP/STM32L476G-Discovery/stm32l476g_discovery_audio.c:1016:16:AUDIO_SAIx_DeInit	8	static
../Drivers/BSP/STM32L476G-Discovery/stm32l476g_discovery_audio.c:1043:13:AUDIO_CODEC_Reset	8	static
../Drivers/BSP/STM32L476G-Discovery/stm32l476g_discovery_audio.c:1064:16:AUDIO_DFSDMx_Init	16	static
../Drivers/BSP/STM32L476G-Discovery/stm32l476g_discovery_audio.c:1127:16:AUDIO_DFSDMx_DeInit	8	static
../Drivers/BSP/STM32L476G-Discovery/stm32l476g_discovery_audio.c:1162:6:HAL_DFSDM_FilterMspInit	24	static
../Drivers/BSP/STM32L476G-Discovery/stm32l476g_discovery_audio.c:1201:6:HAL_DFSDM_FilterMspDeInit	16	static
../Drivers/BSP/STM32L476G-Discovery/stm32l476g_discovery_audio.c:1221:16:AUDIO_SAIPLLConfig	152	static
